<?xml version="1.0"?>
<link_info>
   <banner>MSP430 Linker PC v4.4.5</banner>
   <copyright>Copyright (c) 2003-2015 Texas Instruments Incorporated</copyright>
   <link_time>0x596dd478</link_time>
   <link_errors>0x0</link_errors>
   <output_file>LCD SERVO.out</output_file>
   <entry_point>
      <name>_c_int00_noargs_noexit</name>
      <address>0xdca8</address>
   </entry_point>
   <input_file_list>
      <input_file id="fl-2">
         <path>.\</path>
         <kind>object</kind>
         <file>main.obj</file>
         <name>main.obj</name>
      </input_file>
      <input_file id="fl-31">
         <path>C:\ti\ccsv6\tools\compiler\ti-cgt-msp430_4.4.5\lib\</path>
         <kind>archive</kind>
         <file>rts430_eabi.lib</file>
         <name>addd.obj</name>
      </input_file>
      <input_file id="fl-32">
         <path>C:\ti\ccsv6\tools\compiler\ti-cgt-msp430_4.4.5\lib\</path>
         <kind>archive</kind>
         <file>rts430_eabi.lib</file>
         <name>asr16.obj</name>
      </input_file>
      <input_file id="fl-33">
         <path>C:\ti\ccsv6\tools\compiler\ti-cgt-msp430_4.4.5\lib\</path>
         <kind>archive</kind>
         <file>rts430_eabi.lib</file>
         <name>boot.obj</name>
      </input_file>
      <input_file id="fl-34">
         <path>C:\ti\ccsv6\tools\compiler\ti-cgt-msp430_4.4.5\lib\</path>
         <kind>archive</kind>
         <file>rts430_eabi.lib</file>
         <name>boot_special.obj</name>
      </input_file>
      <input_file id="fl-35">
         <path>C:\ti\ccsv6\tools\compiler\ti-cgt-msp430_4.4.5\lib\</path>
         <kind>archive</kind>
         <file>rts430_eabi.lib</file>
         <name>copy_decompress_none.obj</name>
      </input_file>
      <input_file id="fl-36">
         <path>C:\ti\ccsv6\tools\compiler\ti-cgt-msp430_4.4.5\lib\</path>
         <kind>archive</kind>
         <file>rts430_eabi.lib</file>
         <name>copy_decompress_rle.obj</name>
      </input_file>
      <input_file id="fl-37">
         <path>C:\ti\ccsv6\tools\compiler\ti-cgt-msp430_4.4.5\lib\</path>
         <kind>archive</kind>
         <file>rts430_eabi.lib</file>
         <name>copy_zero_init.obj</name>
      </input_file>
      <input_file id="fl-38">
         <path>C:\ti\ccsv6\tools\compiler\ti-cgt-msp430_4.4.5\lib\</path>
         <kind>archive</kind>
         <file>rts430_eabi.lib</file>
         <name>cvtdf.obj</name>
      </input_file>
      <input_file id="fl-39">
         <path>C:\ti\ccsv6\tools\compiler\ti-cgt-msp430_4.4.5\lib\</path>
         <kind>archive</kind>
         <file>rts430_eabi.lib</file>
         <name>div16s.obj</name>
      </input_file>
      <input_file id="fl-3a">
         <path>C:\ti\ccsv6\tools\compiler\ti-cgt-msp430_4.4.5\lib\</path>
         <kind>archive</kind>
         <file>rts430_eabi.lib</file>
         <name>div16u.obj</name>
      </input_file>
      <input_file id="fl-3b">
         <path>C:\ti\ccsv6\tools\compiler\ti-cgt-msp430_4.4.5\lib\</path>
         <kind>archive</kind>
         <file>rts430_eabi.lib</file>
         <name>divd.obj</name>
      </input_file>
      <input_file id="fl-3c">
         <path>C:\ti\ccsv6\tools\compiler\ti-cgt-msp430_4.4.5\lib\</path>
         <kind>archive</kind>
         <file>rts430_eabi.lib</file>
         <name>epilog.obj</name>
      </input_file>
      <input_file id="fl-3d">
         <path>C:\ti\ccsv6\tools\compiler\ti-cgt-msp430_4.4.5\lib\</path>
         <kind>archive</kind>
         <file>rts430_eabi.lib</file>
         <name>exit.obj</name>
      </input_file>
      <input_file id="fl-3e">
         <path>C:\ti\ccsv6\tools\compiler\ti-cgt-msp430_4.4.5\lib\</path>
         <kind>archive</kind>
         <file>rts430_eabi.lib</file>
         <name>exit_gvars.obj</name>
      </input_file>
      <input_file id="fl-3f">
         <path>C:\ti\ccsv6\tools\compiler\ti-cgt-msp430_4.4.5\lib\</path>
         <kind>archive</kind>
         <file>rts430_eabi.lib</file>
         <name>fixdi.obj</name>
      </input_file>
      <input_file id="fl-40">
         <path>C:\ti\ccsv6\tools\compiler\ti-cgt-msp430_4.4.5\lib\</path>
         <kind>archive</kind>
         <file>rts430_eabi.lib</file>
         <name>fixdli.obj</name>
      </input_file>
      <input_file id="fl-41">
         <path>C:\ti\ccsv6\tools\compiler\ti-cgt-msp430_4.4.5\lib\</path>
         <kind>archive</kind>
         <file>rts430_eabi.lib</file>
         <name>fltud.obj</name>
      </input_file>
      <input_file id="fl-42">
         <path>C:\ti\ccsv6\tools\compiler\ti-cgt-msp430_4.4.5\lib\</path>
         <kind>archive</kind>
         <file>rts430_eabi.lib</file>
         <name>fltuld.obj</name>
      </input_file>
      <input_file id="fl-43">
         <path>C:\ti\ccsv6\tools\compiler\ti-cgt-msp430_4.4.5\lib\</path>
         <kind>archive</kind>
         <file>rts430_eabi.lib</file>
         <name>frcaddd.obj</name>
      </input_file>
      <input_file id="fl-44">
         <path>C:\ti\ccsv6\tools\compiler\ti-cgt-msp430_4.4.5\lib\</path>
         <kind>archive</kind>
         <file>rts430_eabi.lib</file>
         <name>frcdivd.obj</name>
      </input_file>
      <input_file id="fl-45">
         <path>C:\ti\ccsv6\tools\compiler\ti-cgt-msp430_4.4.5\lib\</path>
         <kind>archive</kind>
         <file>rts430_eabi.lib</file>
         <name>fs_tou.obj</name>
      </input_file>
      <input_file id="fl-46">
         <path>C:\ti\ccsv6\tools\compiler\ti-cgt-msp430_4.4.5\lib\</path>
         <kind>archive</kind>
         <file>rts430_eabi.lib</file>
         <name>int00.obj</name>
      </input_file>
      <input_file id="fl-47">
         <path>C:\ti\ccsv6\tools\compiler\ti-cgt-msp430_4.4.5\lib\</path>
         <kind>archive</kind>
         <file>rts430_eabi.lib</file>
         <name>int03.obj</name>
      </input_file>
      <input_file id="fl-48">
         <path>C:\ti\ccsv6\tools\compiler\ti-cgt-msp430_4.4.5\lib\</path>
         <kind>archive</kind>
         <file>rts430_eabi.lib</file>
         <name>int06.obj</name>
      </input_file>
      <input_file id="fl-49">
         <path>C:\ti\ccsv6\tools\compiler\ti-cgt-msp430_4.4.5\lib\</path>
         <kind>archive</kind>
         <file>rts430_eabi.lib</file>
         <name>int07.obj</name>
      </input_file>
      <input_file id="fl-4a">
         <path>C:\ti\ccsv6\tools\compiler\ti-cgt-msp430_4.4.5\lib\</path>
         <kind>archive</kind>
         <file>rts430_eabi.lib</file>
         <name>int10.obj</name>
      </input_file>
      <input_file id="fl-4b">
         <path>C:\ti\ccsv6\tools\compiler\ti-cgt-msp430_4.4.5\lib\</path>
         <kind>archive</kind>
         <file>rts430_eabi.lib</file>
         <name>int11.obj</name>
      </input_file>
      <input_file id="fl-4c">
         <path>C:\ti\ccsv6\tools\compiler\ti-cgt-msp430_4.4.5\lib\</path>
         <kind>archive</kind>
         <file>rts430_eabi.lib</file>
         <name>int12.obj</name>
      </input_file>
      <input_file id="fl-4d">
         <path>C:\ti\ccsv6\tools\compiler\ti-cgt-msp430_4.4.5\lib\</path>
         <kind>archive</kind>
         <file>rts430_eabi.lib</file>
         <name>int13.obj</name>
      </input_file>
      <input_file id="fl-4e">
         <path>C:\ti\ccsv6\tools\compiler\ti-cgt-msp430_4.4.5\lib\</path>
         <kind>archive</kind>
         <file>rts430_eabi.lib</file>
         <name>int14.obj</name>
      </input_file>
      <input_file id="fl-4f">
         <path>C:\ti\ccsv6\tools\compiler\ti-cgt-msp430_4.4.5\lib\</path>
         <kind>archive</kind>
         <file>rts430_eabi.lib</file>
         <name>isr_trap.obj</name>
      </input_file>
      <input_file id="fl-50">
         <path>C:\ti\ccsv6\tools\compiler\ti-cgt-msp430_4.4.5\lib\</path>
         <kind>archive</kind>
         <file>rts430_eabi.lib</file>
         <name>lsl16.obj</name>
      </input_file>
      <input_file id="fl-51">
         <path>C:\ti\ccsv6\tools\compiler\ti-cgt-msp430_4.4.5\lib\</path>
         <kind>archive</kind>
         <file>rts430_eabi.lib</file>
         <name>lsl32.obj</name>
      </input_file>
      <input_file id="fl-52">
         <path>C:\ti\ccsv6\tools\compiler\ti-cgt-msp430_4.4.5\lib\</path>
         <kind>archive</kind>
         <file>rts430_eabi.lib</file>
         <name>lsr16.obj</name>
      </input_file>
      <input_file id="fl-53">
         <path>C:\ti\ccsv6\tools\compiler\ti-cgt-msp430_4.4.5\lib\</path>
         <kind>archive</kind>
         <file>rts430_eabi.lib</file>
         <name>lsr32.obj</name>
      </input_file>
      <input_file id="fl-54">
         <path>C:\ti\ccsv6\tools\compiler\ti-cgt-msp430_4.4.5\lib\</path>
         <kind>archive</kind>
         <file>rts430_eabi.lib</file>
         <name>memcpy.obj</name>
      </input_file>
      <input_file id="fl-55">
         <path>C:\ti\ccsv6\tools\compiler\ti-cgt-msp430_4.4.5\lib\</path>
         <kind>archive</kind>
         <file>rts430_eabi.lib</file>
         <name>mpu_init.obj</name>
      </input_file>
      <input_file id="fl-56">
         <path>C:\ti\ccsv6\tools\compiler\ti-cgt-msp430_4.4.5\lib\</path>
         <kind>archive</kind>
         <file>rts430_eabi.lib</file>
         <name>mpyd.obj</name>
      </input_file>
      <input_file id="fl-57">
         <path>C:\ti\ccsv6\tools\compiler\ti-cgt-msp430_4.4.5\lib\</path>
         <kind>archive</kind>
         <file>rts430_eabi.lib</file>
         <name>mult16.obj</name>
      </input_file>
      <input_file id="fl-58">
         <path>C:\ti\ccsv6\tools\compiler\ti-cgt-msp430_4.4.5\lib\</path>
         <kind>archive</kind>
         <file>rts430_eabi.lib</file>
         <name>mult32.obj</name>
      </input_file>
      <input_file id="fl-59">
         <path>C:\ti\ccsv6\tools\compiler\ti-cgt-msp430_4.4.5\lib\</path>
         <kind>archive</kind>
         <file>rts430_eabi.lib</file>
         <name>pre_init.obj</name>
      </input_file>
      <input_file id="fl-5a">
         <path>C:\ti\ccsv6\tools\compiler\ti-cgt-msp430_4.4.5\lib\</path>
         <kind>archive</kind>
         <file>rts430_eabi.lib</file>
         <name>renormd.obj</name>
      </input_file>
      <input_file id="fl-5b">
         <path>C:\ti\ccsv6\tools\compiler\ti-cgt-msp430_4.4.5\lib\</path>
         <kind>archive</kind>
         <file>rts430_eabi.lib</file>
         <name>sprintf.obj</name>
      </input_file>
      <input_file id="fl-5c">
         <path>C:\ti\ccsv6\tools\compiler\ti-cgt-msp430_4.4.5\lib\</path>
         <kind>archive</kind>
         <file>rts430_eabi.lib</file>
         <name>_lock.obj</name>
      </input_file>
      <input_file id="fl-5d">
         <path>C:\ti\ccsv6\tools\compiler\ti-cgt-msp430_4.4.5\lib\</path>
         <kind>archive</kind>
         <file>rts430_eabi.lib</file>
         <name>_printfi_min.obj</name>
      </input_file>
      <input_file id="fl-5e">
         <path>C:\ti\ccsv6\tools\compiler\ti-cgt-msp430_4.4.5\lib\</path>
         <kind>archive</kind>
         <file>rts430_eabi.lib</file>
         <name>args_main.obj</name>
      </input_file>
      <input_file id="fl-5f">
         <path>C:\ti\ccsv6\tools\compiler\ti-cgt-msp430_4.4.5\lib\</path>
         <kind>archive</kind>
         <file>rts430_eabi.lib</file>
         <name>asr32.obj</name>
      </input_file>
      <input_file id="fl-60">
         <path>C:\ti\ccsv6\tools\compiler\ti-cgt-msp430_4.4.5\lib\</path>
         <kind>archive</kind>
         <file>rts430_eabi.lib</file>
         <name>autoinit.obj</name>
      </input_file>
      <input_file id="fl-61">
         <path>C:\ti\ccsv6\tools\compiler\ti-cgt-msp430_4.4.5\lib\</path>
         <kind>archive</kind>
         <file>rts430_eabi.lib</file>
         <name>frcmpyd.obj</name>
      </input_file>
      <input_file id="fl-62">
         <path>C:\ti\ccsv6\tools\compiler\ti-cgt-msp430_4.4.5\lib\</path>
         <kind>archive</kind>
         <file>rts430_eabi.lib</file>
         <name>memccpy.obj</name>
      </input_file>
      <input_file id="fl-63">
         <path>C:\ti\ccsv6\tools\compiler\ti-cgt-msp430_4.4.5\lib\</path>
         <kind>archive</kind>
         <file>rts430_eabi.lib</file>
         <name>memset.obj</name>
      </input_file>
      <input_file id="fl-64">
         <path>C:\ti\ccsv6\tools\compiler\ti-cgt-msp430_4.4.5\lib\</path>
         <kind>archive</kind>
         <file>rts430_eabi.lib</file>
         <name>strlen.obj</name>
      </input_file>
   </input_file_list>
   <object_component_list>
      <object_component id="oc-168">
         <name>.common:f</name>
         <uninitialized>true</uninitialized>
         <run_address>0x218</run_address>
         <size>0x4</size>
      </object_component>
      <object_component id="oc-176">
         <name>.common:d</name>
         <uninitialized>true</uninitialized>
         <run_address>0x210</run_address>
         <size>0x8</size>
      </object_component>
      <object_component id="oc-17d">
         <name>.common:value</name>
         <uninitialized>true</uninitialized>
         <run_address>0x200</run_address>
         <size>0x10</size>
      </object_component>
      <object_component id="oc-8c">
         <name>.stack</name>
         <uninitialized>true</uninitialized>
         <run_address>0x3b0</run_address>
         <size>0x2</size>
         <input_file_ref idref="fl-33"/>
      </object_component>
      <object_component id="oc-314">
         <name>.stack</name>
         <uninitialized>true</uninitialized>
         <run_address>0x3b0</run_address>
         <size>0x0</size>
      </object_component>
      <object_component id="oc-1f5">
         <name>.text:__TI_frcdivd</name>
         <load_address>0xc000</load_address>
         <run_address>0xc000</run_address>
         <size>0x462</size>
         <input_file_ref idref="fl-44"/>
      </object_component>
      <object_component id="oc-1cc">
         <name>.text:__TI_frcmpyd</name>
         <load_address>0xc462</load_address>
         <run_address>0xc462</run_address>
         <size>0x2f4</size>
         <input_file_ref idref="fl-61"/>
      </object_component>
      <object_component id="oc-15c">
         <name>.text:__mspabi_addd</name>
         <load_address>0xc756</load_address>
         <run_address>0xc756</run_address>
         <size>0x2e8</size>
         <input_file_ref idref="fl-31"/>
      </object_component>
      <object_component id="oc-156">
         <name>.text:__mspabi_mpyd</name>
         <load_address>0xca3e</load_address>
         <run_address>0xca3e</run_address>
         <size>0x26e</size>
         <input_file_ref idref="fl-56"/>
      </object_component>
      <object_component id="oc-1de">
         <name>.text:__TI_frcaddd</name>
         <load_address>0xccac</load_address>
         <run_address>0xccac</run_address>
         <size>0x260</size>
         <input_file_ref idref="fl-43"/>
      </object_component>
      <object_component id="oc-170">
         <name>.text:__mspabi_divd</name>
         <load_address>0xcf0c</load_address>
         <run_address>0xcf0c</run_address>
         <size>0x238</size>
         <input_file_ref idref="fl-3b"/>
      </object_component>
      <object_component id="oc-ee">
         <name>.text:main</name>
         <load_address>0xd144</load_address>
         <run_address>0xd144</run_address>
         <size>0x1c4</size>
         <input_file_ref idref="fl-2"/>
      </object_component>
      <object_component id="oc-266">
         <name>.text:_setfield</name>
         <load_address>0xd308</load_address>
         <run_address>0xd308</run_address>
         <size>0x116</size>
         <input_file_ref idref="fl-5d"/>
      </object_component>
      <object_component id="oc-210">
         <name>.text:__TI_printfi_minimal</name>
         <load_address>0xd41e</load_address>
         <run_address>0xd41e</run_address>
         <size>0xca</size>
         <input_file_ref idref="fl-5d"/>
      </object_component>
      <object_component id="oc-246">
         <name>.text:__TI_renormd</name>
         <load_address>0xd4e8</load_address>
         <run_address>0xd4e8</run_address>
         <size>0xbe</size>
         <input_file_ref idref="fl-5a"/>
      </object_component>
      <object_component id="oc-162">
         <name>.text:__mspabi_cvtdf</name>
         <load_address>0xd5a6</load_address>
         <run_address>0xd5a6</run_address>
         <size>0x8c</size>
         <input_file_ref idref="fl-38"/>
      </object_component>
      <object_component id="oc-1c5">
         <name>.text:__mspabi_fltuld</name>
         <load_address>0xd632</load_address>
         <run_address>0xd632</run_address>
         <size>0x80</size>
         <input_file_ref idref="fl-42"/>
      </object_component>
      <object_component id="oc-1af">
         <name>.text:lcd_reset</name>
         <load_address>0xd6b2</load_address>
         <run_address>0xd6b2</run_address>
         <size>0x76</size>
         <input_file_ref idref="fl-2"/>
      </object_component>
      <object_component id="oc-1fd">
         <name>.text:__mspabi_fixdli</name>
         <load_address>0xd728</load_address>
         <run_address>0xd728</run_address>
         <size>0x72</size>
         <input_file_ref idref="fl-40"/>
      </object_component>
      <object_component id="oc-9d">
         <name>.text:__TI_decompress_rle_core</name>
         <load_address>0xd79a</load_address>
         <run_address>0xd79a</run_address>
         <size>0x64</size>
         <input_file_ref idref="fl-36"/>
      </object_component>
      <object_component id="oc-221">
         <name>.text:l_lsr_const</name>
         <load_address>0xd7fe</load_address>
         <run_address>0xd7fe</run_address>
         <size>0x5c</size>
         <input_file_ref idref="fl-53"/>
      </object_component>
      <object_component id="oc-d4">
         <name>.text:_auto_init</name>
         <load_address>0xd85a</load_address>
         <run_address>0xd85a</run_address>
         <size>0x58</size>
         <input_file_ref idref="fl-60"/>
      </object_component>
      <object_component id="oc-2bb">
         <name>.text:_ltostr</name>
         <load_address>0xd8b2</load_address>
         <run_address>0xd8b2</run_address>
         <size>0x56</size>
         <input_file_ref idref="fl-5d"/>
      </object_component>
      <object_component id="oc-29f">
         <name>.text:_pproc_diouxp</name>
         <load_address>0xd908</load_address>
         <run_address>0xd908</run_address>
         <size>0x4e</size>
         <input_file_ref idref="fl-5d"/>
      </object_component>
      <object_component id="oc-1eb">
         <name>.text</name>
         <load_address>0xd956</load_address>
         <run_address>0xd956</run_address>
         <size>0x4c</size>
         <input_file_ref idref="fl-52"/>
      </object_component>
      <object_component id="oc-26c">
         <name>.text:_pproc_str</name>
         <load_address>0xd9a2</load_address>
         <run_address>0xd9a2</run_address>
         <size>0x48</size>
         <input_file_ref idref="fl-5d"/>
      </object_component>
      <object_component id="oc-1b6">
         <name>.text:lcd_data</name>
         <load_address>0xd9ea</load_address>
         <run_address>0xd9ea</run_address>
         <size>0x46</size>
         <input_file_ref idref="fl-2"/>
      </object_component>
      <object_component id="oc-16b">
         <name>.text</name>
         <load_address>0xda30</load_address>
         <run_address>0xda30</run_address>
         <size>0x46</size>
         <input_file_ref idref="fl-45"/>
      </object_component>
      <object_component id="oc-147">
         <name>.text:lcd_cmd</name>
         <load_address>0xda76</load_address>
         <run_address>0xda76</run_address>
         <size>0x40</size>
         <input_file_ref idref="fl-2"/>
      </object_component>
      <object_component id="oc-22d">
         <name>.text:l_asr_const</name>
         <load_address>0xdab6</load_address>
         <run_address>0xdab6</run_address>
         <size>0x3e</size>
         <input_file_ref idref="fl-5f"/>
      </object_component>
      <object_component id="oc-1e6">
         <name>.text:l_lsl_const</name>
         <load_address>0xdaf4</load_address>
         <run_address>0xdaf4</run_address>
         <size>0x3e</size>
         <input_file_ref idref="fl-51"/>
      </object_component>
      <object_component id="oc-184">
         <name>.text:lcd_cmd_fast</name>
         <load_address>0xdb32</load_address>
         <run_address>0xdb32</run_address>
         <size>0x3e</size>
         <input_file_ref idref="fl-2"/>
      </object_component>
      <object_component id="oc-17e">
         <name>.text:sprintf</name>
         <load_address>0xdb70</load_address>
         <run_address>0xdb70</run_address>
         <size>0x38</size>
         <input_file_ref idref="fl-5b"/>
      </object_component>
      <object_component id="oc-2b5">
         <name>.text:_getarg_diouxp</name>
         <load_address>0xdba8</load_address>
         <run_address>0xdba8</run_address>
         <size>0x2e</size>
         <input_file_ref idref="fl-5d"/>
      </object_component>
      <object_component id="oc-13a">
         <name>.text:lcd_init</name>
         <load_address>0xdbd6</load_address>
         <run_address>0xdbd6</run_address>
         <size>0x2c</size>
         <input_file_ref idref="fl-2"/>
      </object_component>
      <object_component id="oc-1bd">
         <name>.text</name>
         <load_address>0xdc02</load_address>
         <run_address>0xdc02</run_address>
         <size>0x2c</size>
         <input_file_ref idref="fl-32"/>
      </object_component>
      <object_component id="oc-1d2">
         <name>.text</name>
         <load_address>0xdc2e</load_address>
         <run_address>0xdc2e</run_address>
         <size>0x2c</size>
         <input_file_ref idref="fl-50"/>
      </object_component>
      <object_component id="oc-177">
         <name>.text:__mspabi_fixdi</name>
         <load_address>0xdc5a</load_address>
         <run_address>0xdc5a</run_address>
         <size>0x28</size>
         <input_file_ref idref="fl-3f"/>
      </object_component>
      <object_component id="oc-228">
         <name>.text</name>
         <load_address>0xdc82</load_address>
         <run_address>0xdc82</run_address>
         <size>0x26</size>
         <input_file_ref idref="fl-58"/>
      </object_component>
      <object_component id="oc-68">
         <name>.text:_c_int00_noargs_noexit</name>
         <load_address>0xdca8</load_address>
         <run_address>0xdca8</run_address>
         <size>0x1a</size>
         <input_file_ref idref="fl-34"/>
      </object_component>
      <object_component id="oc-204">
         <name>.text:_outs</name>
         <load_address>0xdcc2</load_address>
         <run_address>0xdcc2</run_address>
         <size>0x1a</size>
         <input_file_ref idref="fl-5b"/>
      </object_component>
      <object_component id="oc-2a5">
         <name>.text:memccpy</name>
         <load_address>0xdcdc</load_address>
         <run_address>0xdcdc</run_address>
         <size>0x1a</size>
         <input_file_ref idref="fl-62"/>
      </object_component>
      <object_component id="oc-2cc">
         <name>.text:_div</name>
         <load_address>0xdcf6</load_address>
         <run_address>0xdcf6</run_address>
         <size>0x18</size>
         <input_file_ref idref="fl-5d"/>
      </object_component>
      <object_component id="oc-2d5">
         <name>.text</name>
         <load_address>0xdd0e</load_address>
         <run_address>0xdd0e</run_address>
         <size>0x16</size>
         <input_file_ref idref="fl-3a"/>
      </object_component>
      <object_component id="oc-4a">
         <name>.text:decompress:ZI:__TI_zero_init</name>
         <load_address>0xdd24</load_address>
         <run_address>0xdd24</run_address>
         <size>0x14</size>
         <input_file_ref idref="fl-37"/>
      </object_component>
      <object_component id="oc-298">
         <name>.text:memset</name>
         <load_address>0xdd38</load_address>
         <run_address>0xdd38</run_address>
         <size>0x14</size>
         <input_file_ref idref="fl-63"/>
      </object_component>
      <object_component id="oc-254">
         <name>.text</name>
         <load_address>0xdd4c</load_address>
         <run_address>0xdd4c</run_address>
         <size>0x14</size>
         <input_file_ref idref="fl-57"/>
      </object_component>
      <object_component id="oc-af">
         <name>.text:Port_1</name>
         <load_address>0xdd60</load_address>
         <run_address>0xdd60</run_address>
         <size>0x12</size>
         <input_file_ref idref="fl-2"/>
      </object_component>
      <object_component id="oc-20a">
         <name>.text:_outc</name>
         <load_address>0xdd72</load_address>
         <run_address>0xdd72</run_address>
         <size>0x12</size>
         <input_file_ref idref="fl-5b"/>
      </object_component>
      <object_component id="oc-31">
         <name>.text:decompress:none:__TI_decompress_none</name>
         <load_address>0xdd84</load_address>
         <run_address>0xdd84</run_address>
         <size>0x12</size>
         <input_file_ref idref="fl-35"/>
      </object_component>
      <object_component id="oc-141">
         <name>.text:display_line</name>
         <load_address>0xdd96</load_address>
         <run_address>0xdd96</run_address>
         <size>0x12</size>
         <input_file_ref idref="fl-2"/>
      </object_component>
      <object_component id="oc-23c">
         <name>.text:l_lsr</name>
         <load_address>0xdda8</load_address>
         <run_address>0xdda8</run_address>
         <size>0x12</size>
         <input_file_ref idref="fl-53"/>
      </object_component>
      <object_component id="oc-90">
         <name>.text:memcpy</name>
         <load_address>0xddba</load_address>
         <run_address>0xddba</run_address>
         <size>0x12</size>
         <input_file_ref idref="fl-54"/>
      </object_component>
      <object_component id="oc-bb">
         <name>.text:Timer_A</name>
         <load_address>0xddcc</load_address>
         <run_address>0xddcc</run_address>
         <size>0x10</size>
         <input_file_ref idref="fl-2"/>
      </object_component>
      <object_component id="oc-241">
         <name>.text:l_asr</name>
         <load_address>0xdddc</load_address>
         <run_address>0xdddc</run_address>
         <size>0x10</size>
         <input_file_ref idref="fl-5f"/>
      </object_component>
      <object_component id="oc-237">
         <name>.text:l_lsl</name>
         <load_address>0xddec</load_address>
         <run_address>0xddec</run_address>
         <size>0x10</size>
         <input_file_ref idref="fl-51"/>
      </object_component>
      <object_component id="oc-117">
         <name>.text</name>
         <load_address>0xddfc</load_address>
         <run_address>0xddfc</run_address>
         <size>0x10</size>
         <input_file_ref idref="fl-3c"/>
      </object_component>
      <object_component id="oc-260">
         <name>.text:strlen</name>
         <load_address>0xde0c</load_address>
         <run_address>0xde0c</run_address>
         <size>0xe</size>
         <input_file_ref idref="fl-64"/>
      </object_component>
      <object_component id="oc-b5">
         <name>.text:ADC10_ISR</name>
         <load_address>0xde1a</load_address>
         <run_address>0xde1a</run_address>
         <size>0x6</size>
         <input_file_ref idref="fl-2"/>
      </object_component>
      <object_component id="oc-c1">
         <name>.text:Timer_A0</name>
         <load_address>0xde20</load_address>
         <run_address>0xde20</run_address>
         <size>0x6</size>
         <input_file_ref idref="fl-2"/>
      </object_component>
      <object_component id="oc-150">
         <name>.text:__mspabi_fltud</name>
         <load_address>0xde26</load_address>
         <run_address>0xde26</run_address>
         <size>0x6</size>
         <input_file_ref idref="fl-41"/>
      </object_component>
      <object_component id="oc-aa">
         <name>.text:_isr:__TI_ISR_TRAP</name>
         <load_address>0xde2c</load_address>
         <run_address>0xde2c</run_address>
         <size>0x6</size>
         <input_file_ref idref="fl-4f"/>
      </object_component>
      <object_component id="oc-37">
         <name>.text:decompress:rle24:__TI_decompress_rle24</name>
         <load_address>0xde32</load_address>
         <run_address>0xde32</run_address>
         <size>0x6</size>
         <input_file_ref idref="fl-36"/>
      </object_component>
      <object_component id="oc-ce">
         <name>.text:_system_pre_init</name>
         <load_address>0xde38</load_address>
         <run_address>0xde38</run_address>
         <size>0x4</size>
         <input_file_ref idref="fl-59"/>
      </object_component>
      <object_component id="oc-f6">
         <name>.text:abort</name>
         <load_address>0xde3c</load_address>
         <run_address>0xde3c</run_address>
         <size>0x4</size>
         <input_file_ref idref="fl-3d"/>
      </object_component>
      <object_component id="oc-313">
         <name>.cinit..data.load</name>
         <load_address>0xdec6</load_address>
         <run_address>0xdec6</run_address>
         <size>0xd</size>
      </object_component>
      <object_component id="oc-310">
         <name>__TI_handler_table</name>
         <load_address>0xded4</load_address>
         <run_address>0xded4</run_address>
         <size>0x6</size>
      </object_component>
      <object_component id="oc-312">
         <name>.cinit..bss.load</name>
         <load_address>0xdeda</load_address>
         <run_address>0xdeda</run_address>
         <size>0x4</size>
      </object_component>
      <object_component id="oc-311">
         <name>__TI_cinit_table</name>
         <load_address>0xdede</load_address>
         <run_address>0xdede</run_address>
         <size>0x8</size>
      </object_component>
      <object_component id="oc-140">
         <name>.const:.string</name>
         <load_address>0xde40</load_address>
         <run_address>0xde40</run_address>
         <size>0x72</size>
         <input_file_ref idref="fl-2"/>
      </object_component>
      <object_component id="oc-29e">
         <name>.const:.string</name>
         <load_address>0xdeb2</load_address>
         <run_address>0xdeb2</run_address>
         <size>0x14</size>
         <input_file_ref idref="fl-5d"/>
      </object_component>
      <object_component id="oc-3d">
         <name>.int00</name>
         <load_address>0xffe0</load_address>
         <run_address>0xffe0</run_address>
         <size>0x2</size>
         <input_file_ref idref="fl-46"/>
      </object_component>
      <object_component id="oc-3e">
         <name>.int02</name>
         <load_address>0xffe4</load_address>
         <run_address>0xffe4</run_address>
         <size>0x2</size>
         <input_file_ref idref="fl-2"/>
      </object_component>
      <object_component id="oc-3f">
         <name>.int03</name>
         <load_address>0xffe6</load_address>
         <run_address>0xffe6</run_address>
         <size>0x2</size>
         <input_file_ref idref="fl-47"/>
      </object_component>
      <object_component id="oc-40">
         <name>.int05</name>
         <load_address>0xffea</load_address>
         <run_address>0xffea</run_address>
         <size>0x2</size>
         <input_file_ref idref="fl-2"/>
      </object_component>
      <object_component id="oc-41">
         <name>.int06</name>
         <load_address>0xffec</load_address>
         <run_address>0xffec</run_address>
         <size>0x2</size>
         <input_file_ref idref="fl-48"/>
      </object_component>
      <object_component id="oc-42">
         <name>.int07</name>
         <load_address>0xffee</load_address>
         <run_address>0xffee</run_address>
         <size>0x2</size>
         <input_file_ref idref="fl-49"/>
      </object_component>
      <object_component id="oc-43">
         <name>.int08</name>
         <load_address>0xfff0</load_address>
         <run_address>0xfff0</run_address>
         <size>0x2</size>
         <input_file_ref idref="fl-2"/>
      </object_component>
      <object_component id="oc-44">
         <name>.int09</name>
         <load_address>0xfff2</load_address>
         <run_address>0xfff2</run_address>
         <size>0x2</size>
         <input_file_ref idref="fl-2"/>
      </object_component>
      <object_component id="oc-45">
         <name>.int10</name>
         <load_address>0xfff4</load_address>
         <run_address>0xfff4</run_address>
         <size>0x2</size>
         <input_file_ref idref="fl-4a"/>
      </object_component>
      <object_component id="oc-46">
         <name>.int11</name>
         <load_address>0xfff6</load_address>
         <run_address>0xfff6</run_address>
         <size>0x2</size>
         <input_file_ref idref="fl-4b"/>
      </object_component>
      <object_component id="oc-47">
         <name>.int12</name>
         <load_address>0xfff8</load_address>
         <run_address>0xfff8</run_address>
         <size>0x2</size>
         <input_file_ref idref="fl-4c"/>
      </object_component>
      <object_component id="oc-48">
         <name>.int13</name>
         <load_address>0xfffa</load_address>
         <run_address>0xfffa</run_address>
         <size>0x2</size>
         <input_file_ref idref="fl-4d"/>
      </object_component>
      <object_component id="oc-49">
         <name>.int14</name>
         <load_address>0xfffc</load_address>
         <run_address>0xfffc</run_address>
         <size>0x2</size>
         <input_file_ref idref="fl-4e"/>
      </object_component>
      <object_component id="oc-8f">
         <name>.reset</name>
         <load_address>0xfffe</load_address>
         <run_address>0xfffe</run_address>
         <size>0x2</size>
         <input_file_ref idref="fl-33"/>
      </object_component>
      <object_component id="oc-14d">
         <name>.data</name>
         <load_address>0x21c</load_address>
         <run_address>0x21c</run_address>
         <size>0xa</size>
         <input_file_ref idref="fl-2"/>
      </object_component>
      <object_component id="oc-169">
         <name>.debug_info</name>
         <load_address>0x0</load_address>
         <run_address>0x0</run_address>
         <size>0x4b4</size>
         <input_file_ref idref="fl-2"/>
      </object_component>
      <object_component id="oc-14e">
         <name>.debug_info</name>
         <load_address>0x4b4</load_address>
         <run_address>0x4b4</run_address>
         <size>0x116</size>
         <input_file_ref idref="fl-2"/>
      </object_component>
      <object_component id="oc-1b0">
         <name>.debug_info</name>
         <load_address>0x5ca</load_address>
         <run_address>0x5ca</run_address>
         <size>0xf2</size>
         <input_file_ref idref="fl-2"/>
      </object_component>
      <object_component id="oc-148">
         <name>.debug_info</name>
         <load_address>0x6bc</load_address>
         <run_address>0x6bc</run_address>
         <size>0x138</size>
         <input_file_ref idref="fl-2"/>
      </object_component>
      <object_component id="oc-185">
         <name>.debug_info</name>
         <load_address>0x7f4</load_address>
         <run_address>0x7f4</run_address>
         <size>0x142</size>
         <input_file_ref idref="fl-2"/>
      </object_component>
      <object_component id="oc-13b">
         <name>.debug_info</name>
         <load_address>0x936</load_address>
         <run_address>0x936</run_address>
         <size>0x146</size>
         <input_file_ref idref="fl-2"/>
      </object_component>
      <object_component id="oc-1b7">
         <name>.debug_info</name>
         <load_address>0xa7c</load_address>
         <run_address>0xa7c</run_address>
         <size>0x13a</size>
         <input_file_ref idref="fl-2"/>
      </object_component>
      <object_component id="oc-142">
         <name>.debug_info</name>
         <load_address>0xbb6</load_address>
         <run_address>0xbb6</run_address>
         <size>0x129</size>
         <input_file_ref idref="fl-2"/>
      </object_component>
      <object_component id="oc-ef">
         <name>.debug_info</name>
         <load_address>0xcdf</load_address>
         <run_address>0xcdf</run_address>
         <size>0x258</size>
         <input_file_ref idref="fl-2"/>
      </object_component>
      <object_component id="oc-bc">
         <name>.debug_info</name>
         <load_address>0xf37</load_address>
         <run_address>0xf37</run_address>
         <size>0xef</size>
         <input_file_ref idref="fl-2"/>
      </object_component>
      <object_component id="oc-c2">
         <name>.debug_info</name>
         <load_address>0x1026</load_address>
         <run_address>0x1026</run_address>
         <size>0xf1</size>
         <input_file_ref idref="fl-2"/>
      </object_component>
      <object_component id="oc-b0">
         <name>.debug_info</name>
         <load_address>0x1117</load_address>
         <run_address>0x1117</run_address>
         <size>0xed</size>
         <input_file_ref idref="fl-2"/>
      </object_component>
      <object_component id="oc-b6">
         <name>.debug_info</name>
         <load_address>0x1204</load_address>
         <run_address>0x1204</run_address>
         <size>0xf3</size>
         <input_file_ref idref="fl-2"/>
      </object_component>
      <object_component id="oc-104">
         <name>.debug_info</name>
         <load_address>0x12f7</load_address>
         <run_address>0x12f7</run_address>
         <size>0x84</size>
         <input_file_ref idref="fl-2"/>
      </object_component>
      <object_component id="oc-274">
         <name>.debug_info</name>
         <load_address>0x137b</load_address>
         <run_address>0x137b</run_address>
         <size>0x2c</size>
         <input_file_ref idref="fl-2"/>
      </object_component>
      <object_component id="oc-1e5">
         <name>.debug_info</name>
         <load_address>0x13a7</load_address>
         <run_address>0x13a7</run_address>
         <size>0x173</size>
         <input_file_ref idref="fl-31"/>
      </object_component>
      <object_component id="oc-15d">
         <name>.debug_info</name>
         <load_address>0x151a</load_address>
         <run_address>0x151a</run_address>
         <size>0x234</size>
         <input_file_ref idref="fl-31"/>
      </object_component>
      <object_component id="oc-1d9">
         <name>.debug_info</name>
         <load_address>0x174e</load_address>
         <run_address>0x174e</run_address>
         <size>0x94</size>
         <input_file_ref idref="fl-31"/>
      </object_component>
      <object_component id="oc-1bf">
         <name>.debug_info</name>
         <load_address>0x17e2</load_address>
         <run_address>0x17e2</run_address>
         <size>0xfd</size>
         <input_file_ref idref="fl-32"/>
      </object_component>
      <object_component id="oc-8d">
         <name>.debug_info</name>
         <load_address>0x18df</load_address>
         <run_address>0x18df</run_address>
         <size>0xd6</size>
         <input_file_ref idref="fl-33"/>
      </object_component>
      <object_component id="oc-69">
         <name>.debug_info</name>
         <load_address>0x19b5</load_address>
         <run_address>0x19b5</run_address>
         <size>0x177</size>
         <input_file_ref idref="fl-34"/>
      </object_component>
      <object_component id="oc-9c">
         <name>.debug_info</name>
         <load_address>0x1b2c</load_address>
         <run_address>0x1b2c</run_address>
         <size>0x193</size>
         <input_file_ref idref="fl-35"/>
      </object_component>
      <object_component id="oc-33">
         <name>.debug_info</name>
         <load_address>0x1cbf</load_address>
         <run_address>0x1cbf</run_address>
         <size>0x1c0</size>
         <input_file_ref idref="fl-35"/>
      </object_component>
      <object_component id="oc-97">
         <name>.debug_info</name>
         <load_address>0x1e7f</load_address>
         <run_address>0x1e7f</run_address>
         <size>0x46</size>
         <input_file_ref idref="fl-35"/>
      </object_component>
      <object_component id="oc-110">
         <name>.debug_info</name>
         <load_address>0x1ec5</load_address>
         <run_address>0x1ec5</run_address>
         <size>0x2c</size>
         <input_file_ref idref="fl-35"/>
      </object_component>
      <object_component id="oc-a4">
         <name>.debug_info</name>
         <load_address>0x1ef1</load_address>
         <run_address>0x1ef1</run_address>
         <size>0x155</size>
         <input_file_ref idref="fl-36"/>
      </object_component>
      <object_component id="oc-9e">
         <name>.debug_info</name>
         <load_address>0x2046</load_address>
         <run_address>0x2046</run_address>
         <size>0x21b</size>
         <input_file_ref idref="fl-36"/>
      </object_component>
      <object_component id="oc-38">
         <name>.debug_info</name>
         <load_address>0x2261</load_address>
         <run_address>0x2261</run_address>
         <size>0x192</size>
         <input_file_ref idref="fl-36"/>
      </object_component>
      <object_component id="oc-a5">
         <name>.debug_info</name>
         <load_address>0x23f3</load_address>
         <run_address>0x23f3</run_address>
         <size>0x39</size>
         <input_file_ref idref="fl-36"/>
      </object_component>
      <object_component id="oc-cd">
         <name>.debug_info</name>
         <load_address>0x242c</load_address>
         <run_address>0x242c</run_address>
         <size>0x14b</size>
         <input_file_ref idref="fl-37"/>
      </object_component>
      <object_component id="oc-4c">
         <name>.debug_info</name>
         <load_address>0x2577</load_address>
         <run_address>0x2577</run_address>
         <size>0x196</size>
         <input_file_ref idref="fl-37"/>
      </object_component>
      <object_component id="oc-c8">
         <name>.debug_info</name>
         <load_address>0x270d</load_address>
         <run_address>0x270d</run_address>
         <size>0x46</size>
         <input_file_ref idref="fl-37"/>
      </object_component>
      <object_component id="oc-10b">
         <name>.debug_info</name>
         <load_address>0x2753</load_address>
         <run_address>0x2753</run_address>
         <size>0x2c</size>
         <input_file_ref idref="fl-37"/>
      </object_component>
      <object_component id="oc-1f1">
         <name>.debug_info</name>
         <load_address>0x277f</load_address>
         <run_address>0x277f</run_address>
         <size>0x131</size>
         <input_file_ref idref="fl-38"/>
      </object_component>
      <object_component id="oc-163">
         <name>.debug_info</name>
         <load_address>0x28b0</load_address>
         <run_address>0x28b0</run_address>
         <size>0x1ae</size>
         <input_file_ref idref="fl-38"/>
      </object_component>
      <object_component id="oc-2d6">
         <name>.debug_info</name>
         <load_address>0x2a5e</load_address>
         <run_address>0x2a5e</run_address>
         <size>0xfe</size>
         <input_file_ref idref="fl-3a"/>
      </object_component>
      <object_component id="oc-1fc">
         <name>.debug_info</name>
         <load_address>0x2b5c</load_address>
         <run_address>0x2b5c</run_address>
         <size>0x16e</size>
         <input_file_ref idref="fl-3b"/>
      </object_component>
      <object_component id="oc-171">
         <name>.debug_info</name>
         <load_address>0x2cca</load_address>
         <run_address>0x2cca</run_address>
         <size>0x260</size>
         <input_file_ref idref="fl-3b"/>
      </object_component>
      <object_component id="oc-119">
         <name>.debug_info</name>
         <load_address>0x2f2a</load_address>
         <run_address>0x2f2a</run_address>
         <size>0x10b</size>
         <input_file_ref idref="fl-3c"/>
      </object_component>
      <object_component id="oc-f7">
         <name>.debug_info</name>
         <load_address>0x3035</load_address>
         <run_address>0x3035</run_address>
         <size>0xf8</size>
         <input_file_ref idref="fl-3d"/>
      </object_component>
      <object_component id="oc-178">
         <name>.debug_info</name>
         <load_address>0x312d</load_address>
         <run_address>0x312d</run_address>
         <size>0x147</size>
         <input_file_ref idref="fl-3f"/>
      </object_component>
      <object_component id="oc-1fe">
         <name>.debug_info</name>
         <load_address>0x3274</load_address>
         <run_address>0x3274</run_address>
         <size>0x196</size>
         <input_file_ref idref="fl-40"/>
      </object_component>
      <object_component id="oc-152">
         <name>.debug_info</name>
         <load_address>0x340a</load_address>
         <run_address>0x340a</run_address>
         <size>0x13c</size>
         <input_file_ref idref="fl-41"/>
      </object_component>
      <object_component id="oc-227">
         <name>.debug_info</name>
         <load_address>0x3546</load_address>
         <run_address>0x3546</run_address>
         <size>0x132</size>
         <input_file_ref idref="fl-42"/>
      </object_component>
      <object_component id="oc-1c6">
         <name>.debug_info</name>
         <load_address>0x3678</load_address>
         <run_address>0x3678</run_address>
         <size>0x1b9</size>
         <input_file_ref idref="fl-42"/>
      </object_component>
      <object_component id="oc-24d">
         <name>.debug_info</name>
         <load_address>0x3831</load_address>
         <run_address>0x3831</run_address>
         <size>0x167</size>
         <input_file_ref idref="fl-43"/>
      </object_component>
      <object_component id="oc-1e1">
         <name>.debug_info</name>
         <load_address>0x3998</load_address>
         <run_address>0x3998</run_address>
         <size>0x2ff</size>
         <input_file_ref idref="fl-43"/>
      </object_component>
      <object_component id="oc-25a">
         <name>.debug_info</name>
         <load_address>0x3c97</load_address>
         <run_address>0x3c97</run_address>
         <size>0x139</size>
         <input_file_ref idref="fl-44"/>
      </object_component>
      <object_component id="oc-1f8">
         <name>.debug_info</name>
         <load_address>0x3dd0</load_address>
         <run_address>0x3dd0</run_address>
         <size>0x5bf</size>
         <input_file_ref idref="fl-44"/>
      </object_component>
      <object_component id="oc-16d">
         <name>.debug_info</name>
         <load_address>0x438f</load_address>
         <run_address>0x438f</run_address>
         <size>0x10c</size>
         <input_file_ref idref="fl-45"/>
      </object_component>
      <object_component id="oc-ab">
         <name>.debug_info</name>
         <load_address>0x449b</load_address>
         <run_address>0x449b</run_address>
         <size>0xec</size>
         <input_file_ref idref="fl-4f"/>
      </object_component>
      <object_component id="oc-1d3">
         <name>.debug_info</name>
         <load_address>0x4587</load_address>
         <run_address>0x4587</run_address>
         <size>0xfd</size>
         <input_file_ref idref="fl-50"/>
      </object_component>
      <object_component id="oc-238">
         <name>.debug_info</name>
         <load_address>0x4684</load_address>
         <run_address>0x4684</run_address>
         <size>0xfd</size>
         <input_file_ref idref="fl-51"/>
      </object_component>
      <object_component id="oc-1e7">
         <name>.debug_info</name>
         <load_address>0x4781</load_address>
         <run_address>0x4781</run_address>
         <size>0x103</size>
         <input_file_ref idref="fl-51"/>
      </object_component>
      <object_component id="oc-1ec">
         <name>.debug_info</name>
         <load_address>0x4884</load_address>
         <run_address>0x4884</run_address>
         <size>0xfd</size>
         <input_file_ref idref="fl-52"/>
      </object_component>
      <object_component id="oc-23d">
         <name>.debug_info</name>
         <load_address>0x4981</load_address>
         <run_address>0x4981</run_address>
         <size>0xfd</size>
         <input_file_ref idref="fl-53"/>
      </object_component>
      <object_component id="oc-222">
         <name>.debug_info</name>
         <load_address>0x4a7e</load_address>
         <run_address>0x4a7e</run_address>
         <size>0x103</size>
         <input_file_ref idref="fl-53"/>
      </object_component>
      <object_component id="oc-10a">
         <name>.debug_info</name>
         <load_address>0x4b81</load_address>
         <run_address>0x4b81</run_address>
         <size>0x14e</size>
         <input_file_ref idref="fl-54"/>
      </object_component>
      <object_component id="oc-91">
         <name>.debug_info</name>
         <load_address>0x4ccf</load_address>
         <run_address>0x4ccf</run_address>
         <size>0x172</size>
         <input_file_ref idref="fl-54"/>
      </object_component>
      <object_component id="oc-1d8">
         <name>.debug_info</name>
         <load_address>0x4e41</load_address>
         <run_address>0x4e41</run_address>
         <size>0x16e</size>
         <input_file_ref idref="fl-56"/>
      </object_component>
      <object_component id="oc-157">
         <name>.debug_info</name>
         <load_address>0x4faf</load_address>
         <run_address>0x4faf</run_address>
         <size>0x2ac</size>
         <input_file_ref idref="fl-56"/>
      </object_component>
      <object_component id="oc-255">
         <name>.debug_info</name>
         <load_address>0x525b</load_address>
         <run_address>0x525b</run_address>
         <size>0xfe</size>
         <input_file_ref idref="fl-57"/>
      </object_component>
      <object_component id="oc-229">
         <name>.debug_info</name>
         <load_address>0x5359</load_address>
         <run_address>0x5359</run_address>
         <size>0xfe</size>
         <input_file_ref idref="fl-58"/>
      </object_component>
      <object_component id="oc-cf">
         <name>.debug_info</name>
         <load_address>0x5457</load_address>
         <run_address>0x5457</run_address>
         <size>0x129</size>
         <input_file_ref idref="fl-59"/>
      </object_component>
      <object_component id="oc-290">
         <name>.debug_info</name>
         <load_address>0x5580</load_address>
         <run_address>0x5580</run_address>
         <size>0x139</size>
         <input_file_ref idref="fl-5a"/>
      </object_component>
      <object_component id="oc-247">
         <name>.debug_info</name>
         <load_address>0x56b9</load_address>
         <run_address>0x56b9</run_address>
         <size>0x1cf</size>
         <input_file_ref idref="fl-5a"/>
      </object_component>
      <object_component id="oc-217">
         <name>.debug_info</name>
         <load_address>0x5888</load_address>
         <run_address>0x5888</run_address>
         <size>0x20e</size>
         <input_file_ref idref="fl-5b"/>
      </object_component>
      <object_component id="oc-17f">
         <name>.debug_info</name>
         <load_address>0x5a96</load_address>
         <run_address>0x5a96</run_address>
         <size>0x198</size>
         <input_file_ref idref="fl-5b"/>
      </object_component>
      <object_component id="oc-205">
         <name>.debug_info</name>
         <load_address>0x5c2e</load_address>
         <run_address>0x5c2e</run_address>
         <size>0x16e</size>
         <input_file_ref idref="fl-5b"/>
      </object_component>
      <object_component id="oc-20b">
         <name>.debug_info</name>
         <load_address>0x5d9c</load_address>
         <run_address>0x5d9c</run_address>
         <size>0x143</size>
         <input_file_ref idref="fl-5b"/>
      </object_component>
      <object_component id="oc-280">
         <name>.debug_info</name>
         <load_address>0x5edf</load_address>
         <run_address>0x5edf</run_address>
         <size>0x2c</size>
         <input_file_ref idref="fl-5b"/>
      </object_component>
      <object_component id="oc-273">
         <name>.debug_info</name>
         <load_address>0x5f0b</load_address>
         <run_address>0x5f0b</run_address>
         <size>0x2b3</size>
         <input_file_ref idref="fl-5d"/>
      </object_component>
      <object_component id="oc-2b6">
         <name>.debug_info</name>
         <load_address>0x61be</load_address>
         <run_address>0x61be</run_address>
         <size>0x188</size>
         <input_file_ref idref="fl-5d"/>
      </object_component>
      <object_component id="oc-2ce">
         <name>.debug_info</name>
         <load_address>0x6346</load_address>
         <run_address>0x6346</run_address>
         <size>0x185</size>
         <input_file_ref idref="fl-5d"/>
      </object_component>
      <object_component id="oc-2bd">
         <name>.debug_info</name>
         <load_address>0x64cb</load_address>
         <run_address>0x64cb</run_address>
         <size>0x1cd</size>
         <input_file_ref idref="fl-5d"/>
      </object_component>
      <object_component id="oc-2a1">
         <name>.debug_info</name>
         <load_address>0x6698</load_address>
         <run_address>0x6698</run_address>
         <size>0x210</size>
         <input_file_ref idref="fl-5d"/>
      </object_component>
      <object_component id="oc-268">
         <name>.debug_info</name>
         <load_address>0x68a8</load_address>
         <run_address>0x68a8</run_address>
         <size>0x265</size>
         <input_file_ref idref="fl-5d"/>
      </object_component>
      <object_component id="oc-26e">
         <name>.debug_info</name>
         <load_address>0x6b0d</load_address>
         <run_address>0x6b0d</run_address>
         <size>0x208</size>
         <input_file_ref idref="fl-5d"/>
      </object_component>
      <object_component id="oc-212">
         <name>.debug_info</name>
         <load_address>0x6d15</load_address>
         <run_address>0x6d15</run_address>
         <size>0x288</size>
         <input_file_ref idref="fl-5d"/>
      </object_component>
      <object_component id="oc-279">
         <name>.debug_info</name>
         <load_address>0x6f9d</load_address>
         <run_address>0x6f9d</run_address>
         <size>0x86</size>
         <input_file_ref idref="fl-5d"/>
      </object_component>
      <object_component id="oc-2c2">
         <name>.debug_info</name>
         <load_address>0x7023</load_address>
         <run_address>0x7023</run_address>
         <size>0x39</size>
         <input_file_ref idref="fl-5d"/>
      </object_component>
      <object_component id="oc-242">
         <name>.debug_info</name>
         <load_address>0x705c</load_address>
         <run_address>0x705c</run_address>
         <size>0xfd</size>
         <input_file_ref idref="fl-5f"/>
      </object_component>
      <object_component id="oc-22e">
         <name>.debug_info</name>
         <load_address>0x7159</load_address>
         <run_address>0x7159</run_address>
         <size>0x103</size>
         <input_file_ref idref="fl-5f"/>
      </object_component>
      <object_component id="oc-128">
         <name>.debug_info</name>
         <load_address>0x725c</load_address>
         <run_address>0x725c</run_address>
         <size>0x2ca</size>
         <input_file_ref idref="fl-60"/>
      </object_component>
      <object_component id="oc-d5">
         <name>.debug_info</name>
         <load_address>0x7526</load_address>
         <run_address>0x7526</run_address>
         <size>0x17c</size>
         <input_file_ref idref="fl-60"/>
      </object_component>
      <object_component id="oc-191">
         <name>.debug_info</name>
         <load_address>0x76a2</load_address>
         <run_address>0x76a2</run_address>
         <size>0x39</size>
         <input_file_ref idref="fl-60"/>
      </object_component>
      <object_component id="oc-233">
         <name>.debug_info</name>
         <load_address>0x76db</load_address>
         <run_address>0x76db</run_address>
         <size>0x155</size>
         <input_file_ref idref="fl-61"/>
      </object_component>
      <object_component id="oc-1cd">
         <name>.debug_info</name>
         <load_address>0x7830</load_address>
         <run_address>0x7830</run_address>
         <size>0x3ad</size>
         <input_file_ref idref="fl-61"/>
      </object_component>
      <object_component id="oc-2c8">
         <name>.debug_info</name>
         <load_address>0x7bdd</load_address>
         <run_address>0x7bdd</run_address>
         <size>0x144</size>
         <input_file_ref idref="fl-62"/>
      </object_component>
      <object_component id="oc-2a6">
         <name>.debug_info</name>
         <load_address>0x7d21</load_address>
         <run_address>0x7d21</run_address>
         <size>0x18c</size>
         <input_file_ref idref="fl-62"/>
      </object_component>
      <object_component id="oc-2b4">
         <name>.debug_info</name>
         <load_address>0x7ead</load_address>
         <run_address>0x7ead</run_address>
         <size>0x143</size>
         <input_file_ref idref="fl-63"/>
      </object_component>
      <object_component id="oc-299">
         <name>.debug_info</name>
         <load_address>0x7ff0</load_address>
         <run_address>0x7ff0</run_address>
         <size>0x227</size>
         <input_file_ref idref="fl-63"/>
      </object_component>
      <object_component id="oc-297">
         <name>.debug_info</name>
         <load_address>0x8217</load_address>
         <run_address>0x8217</run_address>
         <size>0x138</size>
         <input_file_ref idref="fl-64"/>
      </object_component>
      <object_component id="oc-262">
         <name>.debug_info</name>
         <load_address>0x834f</load_address>
         <run_address>0x834f</run_address>
         <size>0x1e2</size>
         <input_file_ref idref="fl-64"/>
      </object_component>
      <object_component id="oc-315">
         <name>.debug_info</name>
         <load_address>0x8531</load_address>
         <run_address>0x8531</run_address>
         <size>0x9c</size>
      </object_component>
      <object_component id="oc-1f3">
         <name>.debug_line</name>
         <load_address>0x0</load_address>
         <run_address>0x0</run_address>
         <size>0xeb</size>
         <input_file_ref idref="fl-2"/>
      </object_component>
      <object_component id="oc-1c4">
         <name>.debug_line</name>
         <load_address>0xeb</load_address>
         <run_address>0xeb</run_address>
         <size>0x2d</size>
         <input_file_ref idref="fl-2"/>
      </object_component>
      <object_component id="oc-1b3">
         <name>.debug_line</name>
         <load_address>0x118</load_address>
         <run_address>0x118</run_address>
         <size>0x50</size>
         <input_file_ref idref="fl-2"/>
      </object_component>
      <object_component id="oc-14b">
         <name>.debug_line</name>
         <load_address>0x168</load_address>
         <run_address>0x168</run_address>
         <size>0x46</size>
         <input_file_ref idref="fl-2"/>
      </object_component>
      <object_component id="oc-188">
         <name>.debug_line</name>
         <load_address>0x1ae</load_address>
         <run_address>0x1ae</run_address>
         <size>0x46</size>
         <input_file_ref idref="fl-2"/>
      </object_component>
      <object_component id="oc-13e">
         <name>.debug_line</name>
         <load_address>0x1f4</load_address>
         <run_address>0x1f4</run_address>
         <size>0x48</size>
         <input_file_ref idref="fl-2"/>
      </object_component>
      <object_component id="oc-1ba">
         <name>.debug_line</name>
         <load_address>0x23c</load_address>
         <run_address>0x23c</run_address>
         <size>0x47</size>
         <input_file_ref idref="fl-2"/>
      </object_component>
      <object_component id="oc-145">
         <name>.debug_line</name>
         <load_address>0x283</load_address>
         <run_address>0x283</run_address>
         <size>0x49</size>
         <input_file_ref idref="fl-2"/>
      </object_component>
      <object_component id="oc-f2">
         <name>.debug_line</name>
         <load_address>0x2cc</load_address>
         <run_address>0x2cc</run_address>
         <size>0x80</size>
         <input_file_ref idref="fl-2"/>
      </object_component>
      <object_component id="oc-bf">
         <name>.debug_line</name>
         <load_address>0x34c</load_address>
         <run_address>0x34c</run_address>
         <size>0x47</size>
         <input_file_ref idref="fl-2"/>
      </object_component>
      <object_component id="oc-c5">
         <name>.debug_line</name>
         <load_address>0x393</load_address>
         <run_address>0x393</run_address>
         <size>0x43</size>
         <input_file_ref idref="fl-2"/>
      </object_component>
      <object_component id="oc-b3">
         <name>.debug_line</name>
         <load_address>0x3d6</load_address>
         <run_address>0x3d6</run_address>
         <size>0x41</size>
         <input_file_ref idref="fl-2"/>
      </object_component>
      <object_component id="oc-b9">
         <name>.debug_line</name>
         <load_address>0x417</load_address>
         <run_address>0x417</run_address>
         <size>0x43</size>
         <input_file_ref idref="fl-2"/>
      </object_component>
      <object_component id="oc-107">
         <name>.debug_line</name>
         <load_address>0x45a</load_address>
         <run_address>0x45a</run_address>
         <size>0x20</size>
         <input_file_ref idref="fl-2"/>
      </object_component>
      <object_component id="oc-277">
         <name>.debug_line</name>
         <load_address>0x47a</load_address>
         <run_address>0x47a</run_address>
         <size>0x63</size>
         <input_file_ref idref="fl-2"/>
      </object_component>
      <object_component id="oc-24f">
         <name>.debug_line</name>
         <load_address>0x4dd</load_address>
         <run_address>0x4dd</run_address>
         <size>0x2d</size>
         <input_file_ref idref="fl-31"/>
      </object_component>
      <object_component id="oc-160">
         <name>.debug_line</name>
         <load_address>0x50a</load_address>
         <run_address>0x50a</run_address>
         <size>0xcb</size>
         <input_file_ref idref="fl-31"/>
      </object_component>
      <object_component id="oc-1dc">
         <name>.debug_line</name>
         <load_address>0x5d5</load_address>
         <run_address>0x5d5</run_address>
         <size>0x2e</size>
         <input_file_ref idref="fl-31"/>
      </object_component>
      <object_component id="oc-1be">
         <name>.debug_line</name>
         <load_address>0x603</load_address>
         <run_address>0x603</run_address>
         <size>0x4e</size>
         <input_file_ref idref="fl-32"/>
      </object_component>
      <object_component id="oc-103">
         <name>.debug_line</name>
         <load_address>0x651</load_address>
         <run_address>0x651</run_address>
         <size>0x2a</size>
         <input_file_ref idref="fl-33"/>
      </object_component>
      <object_component id="oc-6c">
         <name>.debug_line</name>
         <load_address>0x67b</load_address>
         <run_address>0x67b</run_address>
         <size>0x4c</size>
         <input_file_ref idref="fl-34"/>
      </object_component>
      <object_component id="oc-116">
         <name>.debug_line</name>
         <load_address>0x6c7</load_address>
         <run_address>0x6c7</run_address>
         <size>0x80</size>
         <input_file_ref idref="fl-35"/>
      </object_component>
      <object_component id="oc-35">
         <name>.debug_line</name>
         <load_address>0x747</load_address>
         <run_address>0x747</run_address>
         <size>0x50</size>
         <input_file_ref idref="fl-35"/>
      </object_component>
      <object_component id="oc-9a">
         <name>.debug_line</name>
         <load_address>0x797</load_address>
         <run_address>0x797</run_address>
         <size>0x3a</size>
         <input_file_ref idref="fl-35"/>
      </object_component>
      <object_component id="oc-113">
         <name>.debug_line</name>
         <load_address>0x7d1</load_address>
         <run_address>0x7d1</run_address>
         <size>0x80</size>
         <input_file_ref idref="fl-35"/>
      </object_component>
      <object_component id="oc-11e">
         <name>.debug_line</name>
         <load_address>0x851</load_address>
         <run_address>0x851</run_address>
         <size>0x20</size>
         <input_file_ref idref="fl-36"/>
      </object_component>
      <object_component id="oc-a1">
         <name>.debug_line</name>
         <load_address>0x871</load_address>
         <run_address>0x871</run_address>
         <size>0x87</size>
         <input_file_ref idref="fl-36"/>
      </object_component>
      <object_component id="oc-3b">
         <name>.debug_line</name>
         <load_address>0x8f8</load_address>
         <run_address>0x8f8</run_address>
         <size>0x49</size>
         <input_file_ref idref="fl-36"/>
      </object_component>
      <object_component id="oc-a8">
         <name>.debug_line</name>
         <load_address>0x941</load_address>
         <run_address>0x941</run_address>
         <size>0x39</size>
         <input_file_ref idref="fl-36"/>
      </object_component>
      <object_component id="oc-125">
         <name>.debug_line</name>
         <load_address>0x97a</load_address>
         <run_address>0x97a</run_address>
         <size>0x20</size>
         <input_file_ref idref="fl-37"/>
      </object_component>
      <object_component id="oc-4f">
         <name>.debug_line</name>
         <load_address>0x99a</load_address>
         <run_address>0x99a</run_address>
         <size>0x4d</size>
         <input_file_ref idref="fl-37"/>
      </object_component>
      <object_component id="oc-cb">
         <name>.debug_line</name>
         <load_address>0x9e7</load_address>
         <run_address>0x9e7</run_address>
         <size>0x34</size>
         <input_file_ref idref="fl-37"/>
      </object_component>
      <object_component id="oc-10e">
         <name>.debug_line</name>
         <load_address>0xa1b</load_address>
         <run_address>0xa1b</run_address>
         <size>0x80</size>
         <input_file_ref idref="fl-37"/>
      </object_component>
      <object_component id="oc-253">
         <name>.debug_line</name>
         <load_address>0xa9b</load_address>
         <run_address>0xa9b</run_address>
         <size>0x20</size>
         <input_file_ref idref="fl-38"/>
      </object_component>
      <object_component id="oc-166">
         <name>.debug_line</name>
         <load_address>0xabb</load_address>
         <run_address>0xabb</run_address>
         <size>0x6c</size>
         <input_file_ref idref="fl-38"/>
      </object_component>
      <object_component id="oc-2d9">
         <name>.debug_line</name>
         <load_address>0xb27</load_address>
         <run_address>0xb27</run_address>
         <size>0x43</size>
         <input_file_ref idref="fl-3a"/>
      </object_component>
      <object_component id="oc-25c">
         <name>.debug_line</name>
         <load_address>0xb6a</load_address>
         <run_address>0xb6a</run_address>
         <size>0x2d</size>
         <input_file_ref idref="fl-3b"/>
      </object_component>
      <object_component id="oc-174">
         <name>.debug_line</name>
         <load_address>0xb97</load_address>
         <run_address>0xb97</run_address>
         <size>0xe9</size>
         <input_file_ref idref="fl-3b"/>
      </object_component>
      <object_component id="oc-118">
         <name>.debug_line</name>
         <load_address>0xc80</load_address>
         <run_address>0xc80</run_address>
         <size>0x40</size>
         <input_file_ref idref="fl-3c"/>
      </object_component>
      <object_component id="oc-fa">
         <name>.debug_line</name>
         <load_address>0xcc0</load_address>
         <run_address>0xcc0</run_address>
         <size>0x3a</size>
         <input_file_ref idref="fl-3d"/>
      </object_component>
      <object_component id="oc-17b">
         <name>.debug_line</name>
         <load_address>0xcfa</load_address>
         <run_address>0xcfa</run_address>
         <size>0x3d</size>
         <input_file_ref idref="fl-3f"/>
      </object_component>
      <object_component id="oc-201">
         <name>.debug_line</name>
         <load_address>0xd37</load_address>
         <run_address>0xd37</run_address>
         <size>0x61</size>
         <input_file_ref idref="fl-40"/>
      </object_component>
      <object_component id="oc-155">
         <name>.debug_line</name>
         <load_address>0xd98</load_address>
         <run_address>0xd98</run_address>
         <size>0x3d</size>
         <input_file_ref idref="fl-41"/>
      </object_component>
      <object_component id="oc-287">
         <name>.debug_line</name>
         <load_address>0xdd5</load_address>
         <run_address>0xdd5</run_address>
         <size>0x20</size>
         <input_file_ref idref="fl-42"/>
      </object_component>
      <object_component id="oc-1c9">
         <name>.debug_line</name>
         <load_address>0xdf5</load_address>
         <run_address>0xdf5</run_address>
         <size>0x72</size>
         <input_file_ref idref="fl-42"/>
      </object_component>
      <object_component id="oc-292">
         <name>.debug_line</name>
         <load_address>0xe67</load_address>
         <run_address>0xe67</run_address>
         <size>0x2d</size>
         <input_file_ref idref="fl-43"/>
      </object_component>
      <object_component id="oc-1e0">
         <name>.debug_line</name>
         <load_address>0xe94</load_address>
         <run_address>0xe94</run_address>
         <size>0xfa</size>
         <input_file_ref idref="fl-43"/>
      </object_component>
      <object_component id="oc-295">
         <name>.debug_line</name>
         <load_address>0xf8e</load_address>
         <run_address>0xf8e</run_address>
         <size>0x20</size>
         <input_file_ref idref="fl-44"/>
      </object_component>
      <object_component id="oc-1f7">
         <name>.debug_line</name>
         <load_address>0xfae</load_address>
         <run_address>0xfae</run_address>
         <size>0xf0</size>
         <input_file_ref idref="fl-44"/>
      </object_component>
      <object_component id="oc-16c">
         <name>.debug_line</name>
         <load_address>0x109e</load_address>
         <run_address>0x109e</run_address>
         <size>0x5a</size>
         <input_file_ref idref="fl-45"/>
      </object_component>
      <object_component id="oc-ae">
         <name>.debug_line</name>
         <load_address>0x10f8</load_address>
         <run_address>0x10f8</run_address>
         <size>0x3c</size>
         <input_file_ref idref="fl-4f"/>
      </object_component>
      <object_component id="oc-1d6">
         <name>.debug_line</name>
         <load_address>0x1134</load_address>
         <run_address>0x1134</run_address>
         <size>0x4e</size>
         <input_file_ref idref="fl-50"/>
      </object_component>
      <object_component id="oc-23b">
         <name>.debug_line</name>
         <load_address>0x1182</load_address>
         <run_address>0x1182</run_address>
         <size>0x3e</size>
         <input_file_ref idref="fl-51"/>
      </object_component>
      <object_component id="oc-1ea">
         <name>.debug_line</name>
         <load_address>0x11c0</load_address>
         <run_address>0x11c0</run_address>
         <size>0x56</size>
         <input_file_ref idref="fl-51"/>
      </object_component>
      <object_component id="oc-1ef">
         <name>.debug_line</name>
         <load_address>0x1216</load_address>
         <run_address>0x1216</run_address>
         <size>0x5e</size>
         <input_file_ref idref="fl-52"/>
      </object_component>
      <object_component id="oc-240">
         <name>.debug_line</name>
         <load_address>0x1274</load_address>
         <run_address>0x1274</run_address>
         <size>0x42</size>
         <input_file_ref idref="fl-53"/>
      </object_component>
      <object_component id="oc-225">
         <name>.debug_line</name>
         <load_address>0x12b6</load_address>
         <run_address>0x12b6</run_address>
         <size>0x65</size>
         <input_file_ref idref="fl-53"/>
      </object_component>
      <object_component id="oc-18d">
         <name>.debug_line</name>
         <load_address>0x131b</load_address>
         <run_address>0x131b</run_address>
         <size>0x20</size>
         <input_file_ref idref="fl-54"/>
      </object_component>
      <object_component id="oc-94">
         <name>.debug_line</name>
         <load_address>0x133b</load_address>
         <run_address>0x133b</run_address>
         <size>0x45</size>
         <input_file_ref idref="fl-54"/>
      </object_component>
      <object_component id="oc-236">
         <name>.debug_line</name>
         <load_address>0x1380</load_address>
         <run_address>0x1380</run_address>
         <size>0x2d</size>
         <input_file_ref idref="fl-56"/>
      </object_component>
      <object_component id="oc-15a">
         <name>.debug_line</name>
         <load_address>0x13ad</load_address>
         <run_address>0x13ad</run_address>
         <size>0x103</size>
         <input_file_ref idref="fl-56"/>
      </object_component>
      <object_component id="oc-258">
         <name>.debug_line</name>
         <load_address>0x14b0</load_address>
         <run_address>0x14b0</run_address>
         <size>0x42</size>
         <input_file_ref idref="fl-57"/>
      </object_component>
      <object_component id="oc-22c">
         <name>.debug_line</name>
         <load_address>0x14f2</load_address>
         <run_address>0x14f2</run_address>
         <size>0x4b</size>
         <input_file_ref idref="fl-58"/>
      </object_component>
      <object_component id="oc-d2">
         <name>.debug_line</name>
         <load_address>0x153d</load_address>
         <run_address>0x153d</run_address>
         <size>0x3e</size>
         <input_file_ref idref="fl-59"/>
      </object_component>
      <object_component id="oc-2b0">
         <name>.debug_line</name>
         <load_address>0x157b</load_address>
         <run_address>0x157b</run_address>
         <size>0x20</size>
         <input_file_ref idref="fl-5a"/>
      </object_component>
      <object_component id="oc-24a">
         <name>.debug_line</name>
         <load_address>0x159b</load_address>
         <run_address>0x159b</run_address>
         <size>0x82</size>
         <input_file_ref idref="fl-5a"/>
      </object_component>
      <object_component id="oc-27f">
         <name>.debug_line</name>
         <load_address>0x161d</load_address>
         <run_address>0x161d</run_address>
         <size>0x8d</size>
         <input_file_ref idref="fl-5b"/>
      </object_component>
      <object_component id="oc-182">
         <name>.debug_line</name>
         <load_address>0x16aa</load_address>
         <run_address>0x16aa</run_address>
         <size>0x46</size>
         <input_file_ref idref="fl-5b"/>
      </object_component>
      <object_component id="oc-208">
         <name>.debug_line</name>
         <load_address>0x16f0</load_address>
         <run_address>0x16f0</run_address>
         <size>0x42</size>
         <input_file_ref idref="fl-5b"/>
      </object_component>
      <object_component id="oc-20e">
         <name>.debug_line</name>
         <load_address>0x1732</load_address>
         <run_address>0x1732</run_address>
         <size>0x3d</size>
         <input_file_ref idref="fl-5b"/>
      </object_component>
      <object_component id="oc-283">
         <name>.debug_line</name>
         <load_address>0x176f</load_address>
         <run_address>0x176f</run_address>
         <size>0x7f</size>
         <input_file_ref idref="fl-5b"/>
      </object_component>
      <object_component id="oc-2ae">
         <name>.debug_line</name>
         <load_address>0x17ee</load_address>
         <run_address>0x17ee</run_address>
         <size>0x8e</size>
         <input_file_ref idref="fl-5d"/>
      </object_component>
      <object_component id="oc-2b9">
         <name>.debug_line</name>
         <load_address>0x187c</load_address>
         <run_address>0x187c</run_address>
         <size>0x4f</size>
         <input_file_ref idref="fl-5d"/>
      </object_component>
      <object_component id="oc-2d0">
         <name>.debug_line</name>
         <load_address>0x18cb</load_address>
         <run_address>0x18cb</run_address>
         <size>0x48</size>
         <input_file_ref idref="fl-5d"/>
      </object_component>
      <object_component id="oc-2bf">
         <name>.debug_line</name>
         <load_address>0x1913</load_address>
         <run_address>0x1913</run_address>
         <size>0x4e</size>
         <input_file_ref idref="fl-5d"/>
      </object_component>
      <object_component id="oc-2a3">
         <name>.debug_line</name>
         <load_address>0x1961</load_address>
         <run_address>0x1961</run_address>
         <size>0x58</size>
         <input_file_ref idref="fl-5d"/>
      </object_component>
      <object_component id="oc-26a">
         <name>.debug_line</name>
         <load_address>0x19b9</load_address>
         <run_address>0x19b9</run_address>
         <size>0x95</size>
         <input_file_ref idref="fl-5d"/>
      </object_component>
      <object_component id="oc-270">
         <name>.debug_line</name>
         <load_address>0x1a4e</load_address>
         <run_address>0x1a4e</run_address>
         <size>0x56</size>
         <input_file_ref idref="fl-5d"/>
      </object_component>
      <object_component id="oc-214">
         <name>.debug_line</name>
         <load_address>0x1aa4</load_address>
         <run_address>0x1aa4</run_address>
         <size>0x7d</size>
         <input_file_ref idref="fl-5d"/>
      </object_component>
      <object_component id="oc-27c">
[...]
         <name>__mspabi_func_epilog_3</name>
         <value>0xde04</value>
         <object_component_ref idref="oc-117"/>
      </symbol>
      <symbol id="sm-214">
         <name>__mspabi_func_epilog_1</name>
         <value>0xde08</value>
         <object_component_ref idref="oc-117"/>
      </symbol>
      <symbol id="sm-215">
         <name>__mspabi_func_epilog_6</name>
         <value>0xddfe</value>
         <object_component_ref idref="oc-117"/>
      </symbol>
      <symbol id="sm-216">
         <name>__mspabi_func_epilog_7</name>
         <value>0xddfc</value>
         <object_component_ref idref="oc-117"/>
      </symbol>
      <symbol id="sm-217">
         <name>__mspabi_func_epilog_4</name>
         <value>0xde02</value>
         <object_component_ref idref="oc-117"/>
      </symbol>
      <symbol id="sm-218">
         <name>__mspabi_func_epilog_5</name>
         <value>0xde00</value>
         <object_component_ref idref="oc-117"/>
      </symbol>
      <symbol id="sm-223">
         <name>C$$EXIT</name>
         <value>0xde3c</value>
         <object_component_ref idref="oc-f6"/>
      </symbol>
      <symbol id="sm-224">
         <name>abort</name>
         <value>0xde3c</value>
         <object_component_ref idref="oc-f6"/>
      </symbol>
      <symbol id="sm-232">
         <name>__mspabi_fixdi</name>
         <value>0xdc5a</value>
         <object_component_ref idref="oc-177"/>
      </symbol>
      <symbol id="sm-241">
         <name>__mspabi_fixdli</name>
         <value>0xd728</value>
         <object_component_ref idref="oc-1fd"/>
      </symbol>
      <symbol id="sm-24a">
         <name>__mspabi_fltud</name>
         <value>0xde26</value>
         <object_component_ref idref="oc-150"/>
      </symbol>
      <symbol id="sm-25f">
         <name>__mspabi_fltuld</name>
         <value>0xd632</value>
         <object_component_ref idref="oc-1c5"/>
      </symbol>
      <symbol id="sm-280">
         <name>__TI_frcaddd</name>
         <value>0xccac</value>
         <object_component_ref idref="oc-1de"/>
      </symbol>
      <symbol id="sm-29b">
         <name>__TI_frcdivd</name>
         <value>0xc000</value>
         <object_component_ref idref="oc-1f5"/>
      </symbol>
      <symbol id="sm-2b0">
         <name>__mspabi_fixfu</name>
         <value>0xda30</value>
         <object_component_ref idref="oc-16b"/>
      </symbol>
      <symbol id="sm-2b3">
         <name>__TI_int00</name>
         <value>0xffe0</value>
         <object_component_ref idref="oc-3d"/>
      </symbol>
      <symbol id="sm-2b6">
         <name>__TI_int03</name>
         <value>0xffe6</value>
         <object_component_ref idref="oc-3f"/>
      </symbol>
      <symbol id="sm-2b9">
         <name>__TI_int06</name>
         <value>0xffec</value>
         <object_component_ref idref="oc-41"/>
      </symbol>
      <symbol id="sm-2bc">
         <name>__TI_int07</name>
         <value>0xffee</value>
         <object_component_ref idref="oc-42"/>
      </symbol>
      <symbol id="sm-2bf">
         <name>__TI_int10</name>
         <value>0xfff4</value>
         <object_component_ref idref="oc-45"/>
      </symbol>
      <symbol id="sm-2c2">
         <name>__TI_int11</name>
         <value>0xfff6</value>
         <object_component_ref idref="oc-46"/>
      </symbol>
      <symbol id="sm-2c5">
         <name>__TI_int12</name>
         <value>0xfff8</value>
         <object_component_ref idref="oc-47"/>
      </symbol>
      <symbol id="sm-2c8">
         <name>__TI_int13</name>
         <value>0xfffa</value>
         <object_component_ref idref="oc-48"/>
      </symbol>
      <symbol id="sm-2cb">
         <name>__TI_int14</name>
         <value>0xfffc</value>
         <object_component_ref idref="oc-49"/>
      </symbol>
      <symbol id="sm-2d3">
         <name>__TI_ISR_TRAP</name>
         <value>0xde2c</value>
         <object_component_ref idref="oc-aa"/>
      </symbol>
      <symbol id="sm-2db">
         <name>__mspabi_slli</name>
         <value>0xdc2e</value>
         <object_component_ref idref="oc-1d2"/>
      </symbol>
      <symbol id="sm-2dc">
         <name>__mspabi_slli_9</name>
         <value>0xdc46</value>
         <object_component_ref idref="oc-1d2"/>
      </symbol>
      <symbol id="sm-2dd">
         <name>__mspabi_slli_8</name>
         <value>0xdc48</value>
         <object_component_ref idref="oc-1d2"/>
      </symbol>
      <symbol id="sm-2de">
         <name>__mspabi_slli_7</name>
         <value>0xdc4a</value>
         <object_component_ref idref="oc-1d2"/>
      </symbol>
      <symbol id="sm-2df">
         <name>__mspabi_slli_6</name>
         <value>0xdc4c</value>
         <object_component_ref idref="oc-1d2"/>
      </symbol>
      <symbol id="sm-2e0">
         <name>__mspabi_slli_5</name>
         <value>0xdc4e</value>
         <object_component_ref idref="oc-1d2"/>
      </symbol>
      <symbol id="sm-2e1">
         <name>__mspabi_slli_4</name>
         <value>0xdc50</value>
         <object_component_ref idref="oc-1d2"/>
      </symbol>
      <symbol id="sm-2e2">
         <name>__mspabi_slli_3</name>
         <value>0xdc52</value>
         <object_component_ref idref="oc-1d2"/>
      </symbol>
      <symbol id="sm-2e3">
         <name>__mspabi_slli_2</name>
         <value>0xdc54</value>
         <object_component_ref idref="oc-1d2"/>
      </symbol>
      <symbol id="sm-2e4">
         <name>__mspabi_slli_1</name>
         <value>0xdc56</value>
         <object_component_ref idref="oc-1d2"/>
      </symbol>
      <symbol id="sm-2e5">
         <name>__mspabi_slli_15</name>
         <value>0xdc3a</value>
         <object_component_ref idref="oc-1d2"/>
      </symbol>
      <symbol id="sm-2e6">
         <name>__mspabi_slli_14</name>
         <value>0xdc3c</value>
         <object_component_ref idref="oc-1d2"/>
      </symbol>
      <symbol id="sm-2e7">
         <name>__mspabi_slli_13</name>
         <value>0xdc3e</value>
         <object_component_ref idref="oc-1d2"/>
      </symbol>
      <symbol id="sm-2e8">
         <name>__mspabi_slli_12</name>
         <value>0xdc40</value>
         <object_component_ref idref="oc-1d2"/>
      </symbol>
      <symbol id="sm-2e9">
         <name>__mspabi_slli_11</name>
         <value>0xdc42</value>
         <object_component_ref idref="oc-1d2"/>
      </symbol>
      <symbol id="sm-2ea">
         <name>__mspabi_slli_10</name>
         <value>0xdc44</value>
         <object_component_ref idref="oc-1d2"/>
      </symbol>
      <symbol id="sm-2fa">
         <name>__mspabi_slll_9</name>
         <value>0xdb0c</value>
         <object_component_ref idref="oc-1e6"/>
      </symbol>
      <symbol id="sm-2fb">
         <name>__mspabi_slll_8</name>
         <value>0xdb10</value>
         <object_component_ref idref="oc-1e6"/>
      </symbol>
      <symbol id="sm-2fc">
         <name>__mspabi_slll_7</name>
         <value>0xdb14</value>
         <object_component_ref idref="oc-1e6"/>
      </symbol>
      <symbol id="sm-2fd">
         <name>__mspabi_slll_6</name>
         <value>0xdb18</value>
         <object_component_ref idref="oc-1e6"/>
      </symbol>
      <symbol id="sm-2fe">
         <name>__mspabi_slll_5</name>
         <value>0xdb1c</value>
         <object_component_ref idref="oc-1e6"/>
      </symbol>
      <symbol id="sm-2ff">
         <name>__mspabi_slll_4</name>
         <value>0xdb20</value>
         <object_component_ref idref="oc-1e6"/>
      </symbol>
      <symbol id="sm-300">
         <name>__mspabi_slll_3</name>
         <value>0xdb24</value>
         <object_component_ref idref="oc-1e6"/>
      </symbol>
      <symbol id="sm-301">
         <name>__mspabi_slll_2</name>
         <value>0xdb28</value>
         <object_component_ref idref="oc-1e6"/>
      </symbol>
      <symbol id="sm-302">
         <name>__mspabi_slll_1</name>
         <value>0xdb2c</value>
         <object_component_ref idref="oc-1e6"/>
      </symbol>
      <symbol id="sm-303">
         <name>__mspabi_slll</name>
         <value>0xddec</value>
         <object_component_ref idref="oc-237"/>
      </symbol>
      <symbol id="sm-304">
         <name>__mspabi_slll_15</name>
         <value>0xdaf4</value>
         <object_component_ref idref="oc-1e6"/>
      </symbol>
      <symbol id="sm-305">
         <name>__mspabi_slll_14</name>
         <value>0xdaf8</value>
         <object_component_ref idref="oc-1e6"/>
      </symbol>
      <symbol id="sm-306">
         <name>__mspabi_slll_13</name>
         <value>0xdafc</value>
         <object_component_ref idref="oc-1e6"/>
      </symbol>
      <symbol id="sm-307">
         <name>__mspabi_slll_12</name>
         <value>0xdb00</value>
         <object_component_ref idref="oc-1e6"/>
      </symbol>
      <symbol id="sm-308">
         <name>__mspabi_slll_11</name>
         <value>0xdb04</value>
         <object_component_ref idref="oc-1e6"/>
      </symbol>
      <symbol id="sm-309">
         <name>__mspabi_slll_10</name>
         <value>0xdb08</value>
         <object_component_ref idref="oc-1e6"/>
      </symbol>
      <symbol id="sm-311">
         <name>__mspabi_srli_8</name>
         <value>0xd980</value>
         <object_component_ref idref="oc-1eb"/>
      </symbol>
      <symbol id="sm-312">
         <name>__mspabi_srli_9</name>
         <value>0xd97c</value>
         <object_component_ref idref="oc-1eb"/>
      </symbol>
      <symbol id="sm-313">
         <name>__mspabi_srli_6</name>
         <value>0xd988</value>
         <object_component_ref idref="oc-1eb"/>
      </symbol>
      <symbol id="sm-314">
         <name>__mspabi_srli_7</name>
         <value>0xd984</value>
         <object_component_ref idref="oc-1eb"/>
      </symbol>
      <symbol id="sm-315">
         <name>__mspabi_srli_4</name>
         <value>0xd990</value>
         <object_component_ref idref="oc-1eb"/>
      </symbol>
      <symbol id="sm-316">
         <name>__mspabi_srli_5</name>
         <value>0xd98c</value>
         <object_component_ref idref="oc-1eb"/>
      </symbol>
      <symbol id="sm-317">
         <name>__mspabi_srli_2</name>
         <value>0xd998</value>
         <object_component_ref idref="oc-1eb"/>
      </symbol>
      <symbol id="sm-318">
         <name>__mspabi_srli_3</name>
         <value>0xd994</value>
         <object_component_ref idref="oc-1eb"/>
      </symbol>
      <symbol id="sm-319">
         <name>__mspabi_srli_1</name>
         <value>0xd99c</value>
         <object_component_ref idref="oc-1eb"/>
      </symbol>
      <symbol id="sm-31a">
         <name>__mspabi_srli</name>
         <value>0xd956</value>
         <object_component_ref idref="oc-1eb"/>
      </symbol>
      <symbol id="sm-31b">
         <name>__mspabi_srli_15</name>
         <value>0xd964</value>
         <object_component_ref idref="oc-1eb"/>
      </symbol>
      <symbol id="sm-31c">
         <name>__mspabi_srli_14</name>
         <value>0xd968</value>
         <object_component_ref idref="oc-1eb"/>
      </symbol>
      <symbol id="sm-31d">
         <name>__mspabi_srli_13</name>
         <value>0xd96c</value>
         <object_component_ref idref="oc-1eb"/>
      </symbol>
      <symbol id="sm-31e">
         <name>__mspabi_srli_12</name>
         <value>0xd970</value>
         <object_component_ref idref="oc-1eb"/>
      </symbol>
      <symbol id="sm-31f">
         <name>__mspabi_srli_11</name>
         <value>0xd974</value>
         <object_component_ref idref="oc-1eb"/>
      </symbol>
      <symbol id="sm-320">
         <name>__mspabi_srli_10</name>
         <value>0xd978</value>
         <object_component_ref idref="oc-1eb"/>
      </symbol>
      <symbol id="sm-330">
         <name>__mspabi_srll_8</name>
         <value>0xd828</value>
         <object_component_ref idref="oc-221"/>
      </symbol>
      <symbol id="sm-331">
         <name>__mspabi_srll_9</name>
         <value>0xd822</value>
         <object_component_ref idref="oc-221"/>
      </symbol>
      <symbol id="sm-332">
         <name>__mspabi_srll_6</name>
         <value>0xd834</value>
         <object_component_ref idref="oc-221"/>
      </symbol>
      <symbol id="sm-333">
         <name>__mspabi_srll_7</name>
         <value>0xd82e</value>
         <object_component_ref idref="oc-221"/>
      </symbol>
      <symbol id="sm-334">
         <name>__mspabi_srll_4</name>
         <value>0xd840</value>
         <object_component_ref idref="oc-221"/>
      </symbol>
      <symbol id="sm-335">
         <name>__mspabi_srll_5</name>
         <value>0xd83a</value>
         <object_component_ref idref="oc-221"/>
      </symbol>
      <symbol id="sm-336">
         <name>__mspabi_srll_2</name>
         <value>0xd84c</value>
         <object_component_ref idref="oc-221"/>
      </symbol>
      <symbol id="sm-337">
         <name>__mspabi_srll_3</name>
         <value>0xd846</value>
         <object_component_ref idref="oc-221"/>
      </symbol>
      <symbol id="sm-338">
         <name>__mspabi_srll_1</name>
         <value>0xd852</value>
         <object_component_ref idref="oc-221"/>
      </symbol>
      <symbol id="sm-339">
         <name>__mspabi_srll_15</name>
         <value>0xd7fe</value>
         <object_component_ref idref="oc-221"/>
      </symbol>
      <symbol id="sm-33a">
         <name>__mspabi_srll_14</name>
         <value>0xd804</value>
         <object_component_ref idref="oc-221"/>
      </symbol>
      <symbol id="sm-33b">
         <name>__mspabi_srll_13</name>
         <value>0xd80a</value>
         <object_component_ref idref="oc-221"/>
      </symbol>
      <symbol id="sm-33c">
         <name>__mspabi_srll_12</name>
         <value>0xd810</value>
         <object_component_ref idref="oc-221"/>
      </symbol>
      <symbol id="sm-33d">
         <name>__mspabi_srll_11</name>
         <value>0xd816</value>
         <object_component_ref idref="oc-221"/>
      </symbol>
      <symbol id="sm-33e">
         <name>__mspabi_srll_10</name>
         <value>0xd81c</value>
         <object_component_ref idref="oc-221"/>
      </symbol>
      <symbol id="sm-33f">
         <name>__mspabi_srll</name>
         <value>0xdda8</value>
         <object_component_ref idref="oc-23c"/>
      </symbol>
      <symbol id="sm-34d">
         <name>memcpy</name>
         <value>0xddba</value>
         <object_component_ref idref="oc-90"/>
      </symbol>
      <symbol id="sm-370">
         <name>__mspabi_mpyd</name>
         <value>0xca3e</value>
         <object_component_ref idref="oc-156"/>
      </symbol>
      <symbol id="sm-37a">
         <name>__mspabi_mpyi_sw</name>
         <value>0xdd4c</value>
         <object_component_ref idref="oc-254"/>
      </symbol>
      <symbol id="sm-37b">
         <name>__mspabi_mpyi</name>
         <value>0xdd4c</value>
         <object_component_ref idref="oc-254"/>
      </symbol>
      <symbol id="sm-385">
         <name>__mspabi_mpyl_sw</name>
         <value>0xdc82</value>
         <object_component_ref idref="oc-228"/>
      </symbol>
      <symbol id="sm-386">
         <name>__mspabi_mpyl</name>
         <value>0xdc82</value>
         <object_component_ref idref="oc-228"/>
      </symbol>
      <symbol id="sm-38f">
         <name>_system_pre_init</name>
         <value>0xde38</value>
         <object_component_ref idref="oc-ce"/>
      </symbol>
      <symbol id="sm-3a2">
         <name>__TI_renormd</name>
         <value>0xd4e8</value>
         <object_component_ref idref="oc-246"/>
      </symbol>
      <symbol id="sm-3c3">
         <name>sprintf</name>
         <value>0xdb70</value>
         <object_component_ref idref="oc-17e"/>
      </symbol>
      <symbol id="sm-42b">
         <name>__TI_printfi_minimal</name>
         <value>0xd41e</value>
         <object_component_ref idref="oc-210"/>
      </symbol>
      <symbol id="sm-43d">
         <name>__mspabi_sral</name>
         <value>0xdddc</value>
         <object_component_ref idref="oc-241"/>
      </symbol>
      <symbol id="sm-43e">
         <name>__mspabi_sral_15</name>
         <value>0xdab6</value>
         <object_component_ref idref="oc-22d"/>
      </symbol>
      <symbol id="sm-43f">
         <name>__mspabi_sral_14</name>
         <value>0xdaba</value>
         <object_component_ref idref="oc-22d"/>
      </symbol>
      <symbol id="sm-440">
         <name>__mspabi_sral_13</name>
         <value>0xdabe</value>
         <object_component_ref idref="oc-22d"/>
      </symbol>
      <symbol id="sm-441">
         <name>__mspabi_sral_12</name>
         <value>0xdac2</value>
         <object_component_ref idref="oc-22d"/>
      </symbol>
      <symbol id="sm-442">
         <name>__mspabi_sral_11</name>
         <value>0xdac6</value>
         <object_component_ref idref="oc-22d"/>
      </symbol>
      <symbol id="sm-443">
         <name>__mspabi_sral_10</name>
         <value>0xdaca</value>
         <object_component_ref idref="oc-22d"/>
      </symbol>
      <symbol id="sm-444">
         <name>__mspabi_sral_8</name>
         <value>0xdad2</value>
         <object_component_ref idref="oc-22d"/>
      </symbol>
      <symbol id="sm-445">
         <name>__mspabi_sral_9</name>
         <value>0xdace</value>
         <object_component_ref idref="oc-22d"/>
      </symbol>
      <symbol id="sm-446">
         <name>__mspabi_sral_6</name>
         <value>0xdada</value>
         <object_component_ref idref="oc-22d"/>
      </symbol>
      <symbol id="sm-447">
         <name>__mspabi_sral_7</name>
         <value>0xdad6</value>
         <object_component_ref idref="oc-22d"/>
      </symbol>
      <symbol id="sm-448">
         <name>__mspabi_sral_4</name>
         <value>0xdae2</value>
         <object_component_ref idref="oc-22d"/>
      </symbol>
      <symbol id="sm-449">
         <name>__mspabi_sral_5</name>
         <value>0xdade</value>
         <object_component_ref idref="oc-22d"/>
      </symbol>
      <symbol id="sm-44a">
         <name>__mspabi_sral_2</name>
         <value>0xdaea</value>
         <object_component_ref idref="oc-22d"/>
      </symbol>
      <symbol id="sm-44b">
         <name>__mspabi_sral_3</name>
         <value>0xdae6</value>
         <object_component_ref idref="oc-22d"/>
      </symbol>
      <symbol id="sm-44c">
         <name>__mspabi_sral_1</name>
         <value>0xdaee</value>
         <object_component_ref idref="oc-22d"/>
      </symbol>
      <symbol id="sm-463">
         <name>_auto_init</name>
         <value>0xd85a</value>
         <object_component_ref idref="oc-d4"/>
      </symbol>
      <symbol id="sm-474">
         <name>__TI_frcmpyd</name>
         <value>0xc462</value>
         <object_component_ref idref="oc-1cc"/>
      </symbol>
      <symbol id="sm-483">
         <name>memccpy</name>
         <value>0xdcdc</value>
         <object_component_ref idref="oc-2a5"/>
      </symbol>
      <symbol id="sm-491">
         <name>memset</name>
         <value>0xdd38</value>
         <object_component_ref idref="oc-298"/>
      </symbol>
      <symbol id="sm-49e">
         <name>strlen</name>
         <value>0xde0c</value>
         <object_component_ref idref="oc-260"/>
      </symbol>
      <symbol id="sm-4a0">
         <name>__TI_INITARRAY_Base</name>
         <value>0x0</value>
      </symbol>
      <symbol id="sm-4a1">
         <name>__TI_INITARRAY_Limit</name>
         <value>0x0</value>
      </symbol>
   </symbol_table>
   <title>Link successful</title>
</link_info>
