******************************************************************************
                  MSP430 Linker PC v4.4.5                      
******************************************************************************
>> Linked Tue Jul 18 12:27:20 2017

OUTPUT FILE NAME:   <LCD SERVO.out>
ENTRY POINT SYMBOL: "_c_int00_noargs_noexit"  address: 0000dca8


MEMORY CONFIGURATION

         name            origin    length      used     unused   attr    fill
----------------------  --------  ---------  --------  --------  ----  --------
  SFR                   00000000   00000010  00000000  00000010  RWIX
  PERIPHERALS_8BIT      00000010   000000f0  00000000  000000f0  RWIX
  PERIPHERALS_16BIT     00000100   00000100  00000000  00000100  RWIX
  RAM                   00000200   00000200  00000076  0000018a  RWIX
  INFOD                 00001000   00000040  00000000  00000040  RWIX
  INFOC                 00001040   00000040  00000000  00000040  RWIX
  INFOB                 00001080   00000040  00000000  00000040  RWIX
  INFOA                 000010c0   00000040  00000000  00000040  RWIX
  FLASH                 0000c000   00003fe0  00001ee6  000020fa  RWIX
  INT00                 0000ffe0   00000002  00000002  00000000  RWIX
  INT01                 0000ffe2   00000002  00000000  00000002  RWIX
  INT02                 0000ffe4   00000002  00000002  00000000  RWIX
  INT03                 0000ffe6   00000002  00000002  00000000  RWIX
  INT04                 0000ffe8   00000002  00000000  00000002  RWIX
  INT05                 0000ffea   00000002  00000002  00000000  RWIX
  INT06                 0000ffec   00000002  00000002  00000000  RWIX
  INT07                 0000ffee   00000002  00000002  00000000  RWIX
  INT08                 0000fff0   00000002  00000002  00000000  RWIX
  INT09                 0000fff2   00000002  00000002  00000000  RWIX
  INT10                 0000fff4   00000002  00000002  00000000  RWIX
  INT11                 0000fff6   00000002  00000002  00000000  RWIX
  INT12                 0000fff8   00000002  00000002  00000000  RWIX
  INT13                 0000fffa   00000002  00000002  00000000  RWIX
  INT14                 0000fffc   00000002  00000002  00000000  RWIX
  RESET                 0000fffe   00000002  00000002  00000000  RWIX


SECTION ALLOCATION MAP

 output                                  attributes/
section   page    origin      length       input sections
--------  ----  ----------  ----------   ----------------
.bss       0    00000200    0000001c     UNINITIALIZED
                  00000200    00000010     (.common:value)
                  00000210    00000008     (.common:d)
                  00000218    00000004     (.common:f)

.data      0    0000021c    0000000a     UNINITIALIZED
                  0000021c    0000000a     main.obj (.data)

.TI.persistent 
*          0    0000021c    00000000     UNINITIALIZED

.stack     0    000003b0    00000050     UNINITIALIZED
                  000003b0    00000002     rts430_eabi.lib : boot.obj (.stack)
                  000003b2    0000004e     --HOLE--

.text      0    0000c000    00001e40     
                  0000c000    00000462     rts430_eabi.lib : frcdivd.obj (.text:__TI_frcdivd)
                  0000c462    000002f4                     : frcmpyd.obj (.text:__TI_frcmpyd)
                  0000c756    000002e8                     : addd.obj (.text:__mspabi_addd)
                  0000ca3e    0000026e                     : mpyd.obj (.text:__mspabi_mpyd)
                  0000ccac    00000260                     : frcaddd.obj (.text:__TI_frcaddd)
                  0000cf0c    00000238                     : divd.obj (.text:__mspabi_divd)
                  0000d144    000001c4     main.obj (.text:main)
                  0000d308    00000116     rts430_eabi.lib : _printfi_min.obj (.text:_setfield)
                  0000d41e    000000ca                     : _printfi_min.obj (.text:__TI_printfi_minimal)
                  0000d4e8    000000be                     : renormd.obj (.text:__TI_renormd)
                  0000d5a6    0000008c                     : cvtdf.obj (.text:__mspabi_cvtdf)
                  0000d632    00000080                     : fltuld.obj (.text:__mspabi_fltuld)
                  0000d6b2    00000076     main.obj (.text:lcd_reset)
                  0000d728    00000072     rts430_eabi.lib : fixdli.obj (.text:__mspabi_fixdli)
                  0000d79a    00000064                     : copy_decompress_rle.obj (.text:__TI_decompress_rle_core)
                  0000d7fe    0000005c                     : lsr32.obj (.text:l_lsr_const)
                  0000d85a    00000058                     : autoinit.obj (.text:_auto_init)
                  0000d8b2    00000056                     : _printfi_min.obj (.text:_ltostr)
                  0000d908    0000004e                     : _printfi_min.obj (.text:_pproc_diouxp)
                  0000d956    0000004c                     : lsr16.obj (.text)
                  0000d9a2    00000048                     : _printfi_min.obj (.text:_pproc_str)
                  0000d9ea    00000046     main.obj (.text:lcd_data)
                  0000da30    00000046     rts430_eabi.lib : fs_tou.obj (.text)
                  0000da76    00000040     main.obj (.text:lcd_cmd)
                  0000dab6    0000003e     rts430_eabi.lib : asr32.obj (.text:l_asr_const)
                  0000daf4    0000003e                     : lsl32.obj (.text:l_lsl_const)
                  0000db32    0000003e     main.obj (.text:lcd_cmd_fast)
                  0000db70    00000038     rts430_eabi.lib : sprintf.obj (.text:sprintf)
                  0000dba8    0000002e                     : _printfi_min.obj (.text:_getarg_diouxp)
                  0000dbd6    0000002c     main.obj (.text:lcd_init)
                  0000dc02    0000002c     rts430_eabi.lib : asr16.obj (.text)
                  0000dc2e    0000002c                     : lsl16.obj (.text)
                  0000dc5a    00000028                     : fixdi.obj (.text:__mspabi_fixdi)
                  0000dc82    00000026                     : mult32.obj (.text)
                  0000dca8    0000001a                     : boot_special.obj (.text:_c_int00_noargs_noexit)
                  0000dcc2    0000001a                     : sprintf.obj (.text:_outs)
                  0000dcdc    0000001a                     : memccpy.obj (.text:memccpy)
                  0000dcf6    00000018                     : _printfi_min.obj (.text:_div)
                  0000dd0e    00000016                     : div16u.obj (.text)
                  0000dd24    00000014                     : copy_zero_init.obj (.text:decompress:ZI:__TI_zero_init)
                  0000dd38    00000014                     : memset.obj (.text:memset)
                  0000dd4c    00000014                     : mult16.obj (.text)
                  0000dd60    00000012     main.obj (.text:Port_1)
                  0000dd72    00000012     rts430_eabi.lib : sprintf.obj (.text:_outc)
                  0000dd84    00000012                     : copy_decompress_none.obj (.text:decompress:none:__TI_decompress_none)
                  0000dd96    00000012     main.obj (.text:display_line)
                  0000dda8    00000012     rts430_eabi.lib : lsr32.obj (.text:l_lsr)
                  0000ddba    00000012                     : memcpy.obj (.text:memcpy)
                  0000ddcc    00000010     main.obj (.text:Timer_A)
                  0000dddc    00000010     rts430_eabi.lib : asr32.obj (.text:l_asr)
                  0000ddec    00000010                     : lsl32.obj (.text:l_lsl)
                  0000ddfc    00000010                     : epilog.obj (.text)
                  0000de0c    0000000e                     : strlen.obj (.text:strlen)
                  0000de1a    00000006     main.obj (.text:ADC10_ISR)
                  0000de20    00000006     main.obj (.text:Timer_A0)
                  0000de26    00000006     rts430_eabi.lib : fltud.obj (.text:__mspabi_fltud)
                  0000de2c    00000006                     : isr_trap.obj (.text:_isr:__TI_ISR_TRAP)
                  0000de32    00000006                     : copy_decompress_rle.obj (.text:decompress:rle24:__TI_decompress_rle24)
                  0000de38    00000004                     : pre_init.obj (.text:_system_pre_init)
                  0000de3c    00000004                     : exit.obj (.text:abort)

.const     0    0000de40    00000086     
                  0000de40    00000072     main.obj (.const:.string)
                  0000deb2    00000014     rts430_eabi.lib : _printfi_min.obj (.const:.string)

.cinit     0    0000dec6    00000020     
                  0000dec6    0000000d     (.cinit..data.load) [load image, compression = rle]
                  0000ded3    00000001     --HOLE-- [fill = 0]
                  0000ded4    00000006     (__TI_handler_table)
                  0000deda    00000004     (.cinit..bss.load) [load image, compression = zero_init]
                  0000dede    00000008     (__TI_cinit_table)

.init_array 
*          0    0000c000    00000000     UNINITIALIZED

TRAPINT    0    0000ffe0    00000002     
                  0000ffe0    00000002     rts430_eabi.lib : int00.obj (.int00)

PORT1      0    0000ffe4    00000002     
                  0000ffe4    00000002     main.obj (.int02)

PORT2      0    0000ffe6    00000002     
                  0000ffe6    00000002     rts430_eabi.lib : int03.obj (.int03)

ADC10      0    0000ffea    00000002     
                  0000ffea    00000002     main.obj (.int05)

USCIAB0TX 
*          0    0000ffec    00000002     
                  0000ffec    00000002     rts430_eabi.lib : int06.obj (.int06)

USCIAB0RX 
*          0    0000ffee    00000002     
                  0000ffee    00000002     rts430_eabi.lib : int07.obj (.int07)

TIMER0_A1 
*          0    0000fff0    00000002     
                  0000fff0    00000002     main.obj (.int08)

TIMER0_A0 
*          0    0000fff2    00000002     
                  0000fff2    00000002     main.obj (.int09)

WDT        0    0000fff4    00000002     
                  0000fff4    00000002     rts430_eabi.lib : int10.obj (.int10)

COMPARATORA 
*          0    0000fff6    00000002     
                  0000fff6    00000002     rts430_eabi.lib : int11.obj (.int11)

TIMER1_A1 
*          0    0000fff8    00000002     
                  0000fff8    00000002     rts430_eabi.lib : int12.obj (.int12)

TIMER1_A0 
*          0    0000fffa    00000002     
                  0000fffa    00000002     rts430_eabi.lib : int13.obj (.int13)

NMI        0    0000fffc    00000002     
                  0000fffc    00000002     rts430_eabi.lib : int14.obj (.int14)

.reset     0    0000fffe    00000002     
                  0000fffe    00000002     rts430_eabi.lib : boot.obj (.reset)


LINKER GENERATED COPY TABLES

__TI_cinit_table @ 0000dede records: 2, size/record: 4, table size: 8
	.data: load addr=0000dec6, load size=0000000d bytes, run addr=0000021c, run size=0000000a bytes, compression=rle
	.bss: load addr=0000deda, load size=00000004 bytes, run addr=00000200, run size=0000001c bytes, compression=zero_init


LINKER GENERATED HANDLER TABLE

__TI_handler_table @ 0000ded4 records: 3, size/record: 2, table size: 6
	index: 0, handler: __TI_zero_init
	index: 1, handler: __TI_decompress_rle24
	index: 2, handler: __TI_decompress_none


GLOBAL SYMBOLS: SORTED ALPHABETICALLY BY Name 

address   name                    
-------   ----                    
0000004a  ADC10AE0                
000001b0  ADC10CTL0               
000001b2  ADC10CTL1               
00000048  ADC10DTC0               
00000049  ADC10DTC1               
000001b4  ADC10MEM                
000001bc  ADC10SA                 
0000de1a  ADC10_ISR               
00000222  ADCPREV                 
00000057  BCSCTL1                 
00000058  BCSCTL2                 
00000053  BCSCTL3                 
0000de3c  C$$EXIT                 
00000059  CACTL1                  
0000005a  CACTL2                  
000010fb  CALBC1_12MHZ            
000010f9  CALBC1_16MHZ            
000010ff  CALBC1_1MHZ             
000010fd  CALBC1_8MHZ             
000010fa  CALDCO_12MHZ            
000010f8  CALDCO_16MHZ            
000010fe  CALDCO_1MHZ             
000010fc  CALDCO_8MHZ             
0000005b  CAPD                    
00000056  DCOCTL                  
00000128  FCTL1                   
0000012a  FCTL2                   
0000012c  FCTL3                   
00000000  IE1                     
00000001  IE2                     
00000002  IFG1                    
00000003  IFG2                    
00000022  P1DIR                   
00000025  P1IE                    
00000024  P1IES                   
00000023  P1IFG                   
00000020  P1IN                    
00000021  P1OUT                   
00000027  P1REN                   
00000026  P1SEL                   
00000041  P1SEL2                  
0000002a  P2DIR                   
0000002d  P2IE                    
0000002c  P2IES                   
0000002b  P2IFG                   
00000028  P2IN                    
00000029  P2OUT                   
0000002f  P2REN                   
0000002e  P2SEL                   
00000042  P2SEL2                  
0000001a  P3DIR                   
00000018  P3IN                    
00000019  P3OUT                   
00000010  P3REN                   
0000001b  P3SEL                   
00000043  P3SEL2                  
0000dd60  Port_1                  
00000172  TA0CCR0                 
00000174  TA0CCR1                 
00000176  TA0CCR2                 
00000162  TA0CCTL0                
00000164  TA0CCTL1                
00000166  TA0CCTL2                
00000160  TA0CTL                  
0000012e  TA0IV                   
00000170  TA0R                    
00000192  TA1CCR0                 
00000194  TA1CCR1                 
00000196  TA1CCR2                 
00000182  TA1CCTL0                
00000184  TA1CCTL1                
00000186  TA1CCTL2                
00000180  TA1CTL                  
0000011e  TA1IV                   
00000190  TA1R                    
000010db  TLV_ADC10_1_LEN         
000010da  TLV_ADC10_1_TAG         
000010c0  TLV_CHECKSUM            
000010f7  TLV_DCO_30_LEN          
000010f6  TLV_DCO_30_TAG          
0000ddcc  Timer_A                 
0000de20  Timer_A0                
0000005d  UCA0ABCTL               
00000062  UCA0BR0                 
00000063  UCA0BR1                 
00000060  UCA0CTL0                
00000061  UCA0CTL1                
0000005f  UCA0IRRCTL              
0000005e  UCA0IRTCTL              
00000064  UCA0MCTL                
00000066  UCA0RXBUF               
00000065  UCA0STAT                
00000067  UCA0TXBUF               
0000006a  UCB0BR0                 
0000006b  UCB0BR1                 
00000068  UCB0CTL0                
00000069  UCB0CTL1                
0000006c  UCB0I2CIE               
00000118  UCB0I2COA               
0000011a  UCB0I2CSA               
0000006e  UCB0RXBUF               
0000006d  UCB0STAT                
0000006f  UCB0TXBUF               
00000120  WDTCTL                  
00000400  __STACK_END             
00000050  __STACK_SIZE            
0000dede  __TI_CINIT_Base         
0000dee6  __TI_CINIT_Limit        
0000ded4  __TI_Handler_Table_Base 
0000deda  __TI_Handler_Table_Limit
UNDEFED   __TI_INITARRAY_Base     
UNDEFED   __TI_INITARRAY_Limit    
0000de2c  __TI_ISR_TRAP           
0000dd84  __TI_decompress_none    
0000de32  __TI_decompress_rle24   
0000ccac  __TI_frcaddd            
0000c000  __TI_frcdivd            
0000c462  __TI_frcmpyd            
0000ffe0  __TI_int00              
0000ffe4  __TI_int02              
0000ffe6  __TI_int03              
0000ffea  __TI_int05              
0000ffec  __TI_int06              
0000ffee  __TI_int07              
0000fff0  __TI_int08              
0000fff2  __TI_int09              
0000fff4  __TI_int10              
0000fff6  __TI_int11              
0000fff8  __TI_int12              
0000fffa  __TI_int13              
0000fffc  __TI_int14              
0000d41e  __TI_printfi_minimal    
0000d4e8  __TI_renormd            
0000dd24  __TI_zero_init          
ffffffff  __binit__               
ffffffff  __c_args__              
0000c756  __mspabi_addd           
0000d5a6  __mspabi_cvtdf          
0000cf0c  __mspabi_divd           
0000dd0e  __mspabi_divu           
0000dc5a  __mspabi_fixdi          
0000d728  __mspabi_fixdli         
0000da30  __mspabi_fixfu          
0000de26  __mspabi_fltud          
0000d632  __mspabi_fltuld         
0000de08  __mspabi_func_epilog_1  
0000de06  __mspabi_func_epilog_2  
0000de04  __mspabi_func_epilog_3  
0000de02  __mspabi_func_epilog_4  
0000de00  __mspabi_func_epilog_5  
0000ddfe  __mspabi_func_epilog_6  
0000ddfc  __mspabi_func_epilog_7  
0000ca3e  __mspabi_mpyd           
0000dd4c  __mspabi_mpyi           
0000dd4c  __mspabi_mpyi_sw        
0000dc82  __mspabi_mpyl           
0000dc82  __mspabi_mpyl_sw        
0000dd0e  __mspabi_remu           
0000dc2e  __mspabi_slli           
0000dc56  __mspabi_slli_1         
0000dc44  __mspabi_slli_10        
0000dc42  __mspabi_slli_11        
0000dc40  __mspabi_slli_12        
0000dc3e  __mspabi_slli_13        
0000dc3c  __mspabi_slli_14        
0000dc3a  __mspabi_slli_15        
0000dc54  __mspabi_slli_2         
0000dc52  __mspabi_slli_3         
0000dc50  __mspabi_slli_4         
0000dc4e  __mspabi_slli_5         
0000dc4c  __mspabi_slli_6         
0000dc4a  __mspabi_slli_7         
0000dc48  __mspabi_slli_8         
0000dc46  __mspabi_slli_9         
0000ddec  __mspabi_slll           
0000db2c  __mspabi_slll_1         
0000db08  __mspabi_slll_10        
0000db04  __mspabi_slll_11        
0000db00  __mspabi_slll_12        
0000dafc  __mspabi_slll_13        
0000daf8  __mspabi_slll_14        
0000daf4  __mspabi_slll_15        
0000db28  __mspabi_slll_2         
0000db24  __mspabi_slll_3         
0000db20  __mspabi_slll_4         
0000db1c  __mspabi_slll_5         
0000db18  __mspabi_slll_6         
0000db14  __mspabi_slll_7         
0000db10  __mspabi_slll_8         
0000db0c  __mspabi_slll_9         
0000dc02  __mspabi_srai           
0000dc2a  __mspabi_srai_1         
0000dc18  __mspabi_srai_10        
0000dc16  __mspabi_srai_11        
0000dc14  __mspabi_srai_12        
0000dc12  __mspabi_srai_13        
0000dc10  __mspabi_srai_14        
0000dc0e  __mspabi_srai_15        
0000dc28  __mspabi_srai_2         
0000dc26  __mspabi_srai_3         
0000dc24  __mspabi_srai_4         
0000dc22  __mspabi_srai_5         
0000dc20  __mspabi_srai_6         
0000dc1e  __mspabi_srai_7         
0000dc1c  __mspabi_srai_8         
0000dc1a  __mspabi_srai_9         
0000dddc  __mspabi_sral           
0000daee  __mspabi_sral_1         
0000daca  __mspabi_sral_10        
0000dac6  __mspabi_sral_11        
0000dac2  __mspabi_sral_12        
0000dabe  __mspabi_sral_13        
0000daba  __mspabi_sral_14        
0000dab6  __mspabi_sral_15        
0000daea  __mspabi_sral_2         
0000dae6  __mspabi_sral_3         
0000dae2  __mspabi_sral_4         
0000dade  __mspabi_sral_5         
0000dada  __mspabi_sral_6         
0000dad6  __mspabi_sral_7         
0000dad2  __mspabi_sral_8         
0000dace  __mspabi_sral_9         
0000d956  __mspabi_srli           
0000d99c  __mspabi_srli_1         
0000d978  __mspabi_srli_10        
0000d974  __mspabi_srli_11        
0000d970  __mspabi_srli_12        
0000d96c  __mspabi_srli_13        
0000d968  __mspabi_srli_14        
0000d964  __mspabi_srli_15        
0000d998  __mspabi_srli_2         
0000d994  __mspabi_srli_3         
0000d990  __mspabi_srli_4         
0000d98c  __mspabi_srli_5         
0000d988  __mspabi_srli_6         
0000d984  __mspabi_srli_7         
0000d980  __mspabi_srli_8         
0000d97c  __mspabi_srli_9         
0000dda8  __mspabi_srll           
0000d852  __mspabi_srll_1         
0000d81c  __mspabi_srll_10        
0000d816  __mspabi_srll_11        
0000d810  __mspabi_srll_12        
0000d80a  __mspabi_srll_13        
0000d804  __mspabi_srll_14        
0000d7fe  __mspabi_srll_15        
0000d84c  __mspabi_srll_2         
0000d846  __mspabi_srll_3         
0000d840  __mspabi_srll_4         
0000d83a  __mspabi_srll_5         
0000d834  __mspabi_srll_6         
0000d82e  __mspabi_srll_7         
0000d828  __mspabi_srll_8         
0000d822  __mspabi_srll_9         
0000d85a  _auto_init              
0000dca8  _c_int00_noargs_noexit  
0000fffe  _reset_vector           
000003b0  _stack                  
0000de38  _system_pre_init        
0000de3c  abort                   
ffffffff  binit                   
0000021e  c0                      
00000220  c1                      
00000210  d                       
0000dd96  display_line            
00000218  f                       
00000224  k                       
0000021c  k1                      
0000da76  lcd_cmd                 
0000db32  lcd_cmd_fast            
0000d9ea  lcd_data                
0000dbd6  lcd_init                
0000d6b2  lcd_reset               
0000d144  main                    
0000dcdc  memccpy                 
0000ddba  memcpy                  
0000dd38  memset                  
0000db70  sprintf                 
0000de0c  strlen                  
00000200  value                   


GLOBAL SYMBOLS: SORTED BY Symbol Address 

address   name                    
-------   ----                    
00000000  IE1                     
00000001  IE2                     
00000002  IFG1                    
00000003  IFG2                    
00000010  P3REN                   
00000018  P3IN                    
00000019  P3OUT                   
0000001a  P3DIR                   
0000001b  P3SEL                   
00000020  P1IN                    
00000021  P1OUT                   
00000022  P1DIR                   
00000023  P1IFG                   
00000024  P1IES                   
00000025  P1IE                    
00000026  P1SEL                   
00000027  P1REN                   
00000028  P2IN                    
00000029  P2OUT                   
0000002a  P2DIR                   
0000002b  P2IFG                   
0000002c  P2IES                   
0000002d  P2IE                    
0000002e  P2SEL                   
0000002f  P2REN                   
00000041  P1SEL2                  
00000042  P2SEL2                  
00000043  P3SEL2                  
00000048  ADC10DTC0               
00000049  ADC10DTC1               
0000004a  ADC10AE0                
00000050  __STACK_SIZE            
00000053  BCSCTL3                 
00000056  DCOCTL                  
00000057  BCSCTL1                 
00000058  BCSCTL2                 
00000059  CACTL1                  
0000005a  CACTL2                  
0000005b  CAPD                    
0000005d  UCA0ABCTL               
0000005e  UCA0IRTCTL              
0000005f  UCA0IRRCTL              
00000060  UCA0CTL0                
00000061  UCA0CTL1                
00000062  UCA0BR0                 
00000063  UCA0BR1                 
00000064  UCA0MCTL                
00000065  UCA0STAT                
00000066  UCA0RXBUF               
00000067  UCA0TXBUF               
00000068  UCB0CTL0                
00000069  UCB0CTL1                
0000006a  UCB0BR0                 
0000006b  UCB0BR1                 
0000006c  UCB0I2CIE               
0000006d  UCB0STAT                
0000006e  UCB0RXBUF               
0000006f  UCB0TXBUF               
00000118  UCB0I2COA               
0000011a  UCB0I2CSA               
0000011e  TA1IV                   
00000120  WDTCTL                  
00000128  FCTL1                   
0000012a  FCTL2                   
0000012c  FCTL3                   
0000012e  TA0IV                   
00000160  TA0CTL                  
00000162  TA0CCTL0                
00000164  TA0CCTL1                
00000166  TA0CCTL2                
00000170  TA0R                    
00000172  TA0CCR0                 
00000174  TA0CCR1                 
00000176  TA0CCR2                 
00000180  TA1CTL                  
00000182  TA1CCTL0                
00000184  TA1CCTL1                
00000186  TA1CCTL2                
00000190  TA1R                    
00000192  TA1CCR0                 
00000194  TA1CCR1                 
00000196  TA1CCR2                 
000001b0  ADC10CTL0               
000001b2  ADC10CTL1               
000001b4  ADC10MEM                
000001bc  ADC10SA                 
00000200  value                   
00000210  d                       
00000218  f                       
0000021c  k1                      
0000021e  c0                      
00000220  c1                      
00000222  ADCPREV                 
00000224  k                       
000003b0  _stack                  
00000400  __STACK_END             
000010c0  TLV_CHECKSUM            
000010da  TLV_ADC10_1_TAG         
000010db  TLV_ADC10_1_LEN         
000010f6  TLV_DCO_30_TAG          
000010f7  TLV_DCO_30_LEN          
000010f8  CALDCO_16MHZ            
000010f9  CALBC1_16MHZ            
000010fa  CALDCO_12MHZ            
000010fb  CALBC1_12MHZ            
000010fc  CALDCO_8MHZ             
000010fd  CALBC1_8MHZ             
000010fe  CALDCO_1MHZ             
000010ff  CALBC1_1MHZ             
0000c000  __TI_frcdivd            
0000c462  __TI_frcmpyd            
0000c756  __mspabi_addd           
0000ca3e  __mspabi_mpyd           
0000ccac  __TI_frcaddd            
0000cf0c  __mspabi_divd           
0000d144  main                    
0000d41e  __TI_printfi_minimal    
0000d4e8  __TI_renormd            
0000d5a6  __mspabi_cvtdf          
0000d632  __mspabi_fltuld         
0000d6b2  lcd_reset               
0000d728  __mspabi_fixdli         
0000d7fe  __mspabi_srll_15        
0000d804  __mspabi_srll_14        
0000d80a  __mspabi_srll_13        
0000d810  __mspabi_srll_12        
0000d816  __mspabi_srll_11        
0000d81c  __mspabi_srll_10        
0000d822  __mspabi_srll_9         
0000d828  __mspabi_srll_8         
0000d82e  __mspabi_srll_7         
0000d834  __mspabi_srll_6         
0000d83a  __mspabi_srll_5         
0000d840  __mspabi_srll_4         
0000d846  __mspabi_srll_3         
0000d84c  __mspabi_srll_2         
0000d852  __mspabi_srll_1         
0000d85a  _auto_init              
0000d956  __mspabi_srli           
0000d964  __mspabi_srli_15        
0000d968  __mspabi_srli_14        
0000d96c  __mspabi_srli_13        
0000d970  __mspabi_srli_12        
0000d974  __mspabi_srli_11        
0000d978  __mspabi_srli_10        
0000d97c  __mspabi_srli_9         
0000d980  __mspabi_srli_8         
0000d984  __mspabi_srli_7         
0000d988  __mspabi_srli_6         
0000d98c  __mspabi_srli_5         
0000d990  __mspabi_srli_4         
0000d994  __mspabi_srli_3         
0000d998  __mspabi_srli_2         
0000d99c  __mspabi_srli_1         
0000d9ea  lcd_data                
0000da30  __mspabi_fixfu          
0000da76  lcd_cmd                 
0000dab6  __mspabi_sral_15        
0000daba  __mspabi_sral_14        
0000dabe  __mspabi_sral_13        
0000dac2  __mspabi_sral_12        
0000dac6  __mspabi_sral_11        
0000daca  __mspabi_sral_10        
0000dace  __mspabi_sral_9         
0000dad2  __mspabi_sral_8         
0000dad6  __mspabi_sral_7         
0000dada  __mspabi_sral_6         
0000dade  __mspabi_sral_5         
0000dae2  __mspabi_sral_4         
0000dae6  __mspabi_sral_3         
0000daea  __mspabi_sral_2         
0000daee  __mspabi_sral_1         
0000daf4  __mspabi_slll_15        
0000daf8  __mspabi_slll_14        
0000dafc  __mspabi_slll_13        
0000db00  __mspabi_slll_12        
0000db04  __mspabi_slll_11        
0000db08  __mspabi_slll_10        
0000db0c  __mspabi_slll_9         
0000db10  __mspabi_slll_8         
0000db14  __mspabi_slll_7         
0000db18  __mspabi_slll_6         
0000db1c  __mspabi_slll_5         
0000db20  __mspabi_slll_4         
0000db24  __mspabi_slll_3         
0000db28  __mspabi_slll_2         
0000db2c  __mspabi_slll_1         
0000db32  lcd_cmd_fast            
0000db70  sprintf                 
0000dbd6  lcd_init                
0000dc02  __mspabi_srai           
0000dc0e  __mspabi_srai_15        
0000dc10  __mspabi_srai_14        
0000dc12  __mspabi_srai_13        
0000dc14  __mspabi_srai_12        
0000dc16  __mspabi_srai_11        
0000dc18  __mspabi_srai_10        
0000dc1a  __mspabi_srai_9         
0000dc1c  __mspabi_srai_8         
0000dc1e  __mspabi_srai_7         
0000dc20  __mspabi_srai_6         
0000dc22  __mspabi_srai_5         
0000dc24  __mspabi_srai_4         
0000dc26  __mspabi_srai_3         
0000dc28  __mspabi_srai_2         
0000dc2a  __mspabi_srai_1         
0000dc2e  __mspabi_slli           
0000dc3a  __mspabi_slli_15        
0000dc3c  __mspabi_slli_14        
0000dc3e  __mspabi_slli_13        
0000dc40  __mspabi_slli_12        
0000dc42  __mspabi_slli_11        
0000dc44  __mspabi_slli_10        
0000dc46  __mspabi_slli_9         
0000dc48  __mspabi_slli_8         
0000dc4a  __mspabi_slli_7         
0000dc4c  __mspabi_slli_6         
0000dc4e  __mspabi_slli_5         
0000dc50  __mspabi_slli_4         
0000dc52  __mspabi_slli_3         
0000dc54  __mspabi_slli_2         
0000dc56  __mspabi_slli_1         
0000dc5a  __mspabi_fixdi          
0000dc82  __mspabi_mpyl           
0000dc82  __mspabi_mpyl_sw        
0000dca8  _c_int00_noargs_noexit  
0000dcdc  memccpy                 
0000dd0e  __mspabi_divu           
0000dd0e  __mspabi_remu           
0000dd24  __TI_zero_init          
0000dd38  memset                  
0000dd4c  __mspabi_mpyi           
0000dd4c  __mspabi_mpyi_sw        
0000dd60  Port_1                  
0000dd84  __TI_decompress_none    
0000dd96  display_line            
0000dda8  __mspabi_srll           
0000ddba  memcpy                  
0000ddcc  Timer_A                 
0000dddc  __mspabi_sral           
0000ddec  __mspabi_slll           
0000ddfc  __mspabi_func_epilog_7  
0000ddfe  __mspabi_func_epilog_6  
0000de00  __mspabi_func_epilog_5  
0000de02  __mspabi_func_epilog_4  
0000de04  __mspabi_func_epilog_3  
0000de06  __mspabi_func_epilog_2  
0000de08  __mspabi_func_epilog_1  
0000de0c  strlen                  
0000de1a  ADC10_ISR               
0000de20  Timer_A0                
0000de26  __mspabi_fltud          
0000de2c  __TI_ISR_TRAP           
0000de32  __TI_decompress_rle24   
0000de38  _system_pre_init        
0000de3c  C$$EXIT                 
0000de3c  abort                   
0000ded4  __TI_Handler_Table_Base 
0000deda  __TI_Handler_Table_Limit
0000dede  __TI_CINIT_Base         
0000dee6  __TI_CINIT_Limit        
0000ffe0  __TI_int00              
0000ffe4  __TI_int02              
0000ffe6  __TI_int03              
0000ffea  __TI_int05              
0000ffec  __TI_int06              
0000ffee  __TI_int07              
0000fff0  __TI_int08              
0000fff2  __TI_int09              
0000fff4  __TI_int10              
0000fff6  __TI_int11              
0000fff8  __TI_int12              
0000fffa  __TI_int13              
0000fffc  __TI_int14              
0000fffe  _reset_vector           
ffffffff  __binit__               
ffffffff  __c_args__              
ffffffff  binit                   
UNDEFED   __TI_INITARRAY_Base     
UNDEFED   __TI_INITARRAY_Limit    

[280 symbols]
